2025-03-16T22:43:33.6326891Z Current runner version: '2.322.0'
2025-03-16T22:43:33.6351783Z ##[group]Operating System
2025-03-16T22:43:33.6352660Z Ubuntu
2025-03-16T22:43:33.6353151Z 22.04.5
2025-03-16T22:43:33.6353665Z LTS
2025-03-16T22:43:33.6354196Z ##[endgroup]
2025-03-16T22:43:33.6354721Z ##[group]Runner Image
2025-03-16T22:43:33.6355294Z Image: ubuntu-22.04
2025-03-16T22:43:33.6355850Z Version: 20250309.1.0
2025-03-16T22:43:33.6356865Z Included Software: https://github.com/actions/runner-images/blob/ubuntu22/20250309.1/images/ubuntu/Ubuntu2204-Readme.md
2025-03-16T22:43:33.6358261Z Image Release: https://github.com/actions/runner-images/releases/tag/ubuntu22%2F20250309.1
2025-03-16T22:43:33.6359591Z ##[endgroup]
2025-03-16T22:43:33.6360155Z ##[group]Runner Image Provisioner
2025-03-16T22:43:33.6360791Z 2.0.422.1
2025-03-16T22:43:33.6361261Z ##[endgroup]
2025-03-16T22:43:33.6363505Z ##[group]GITHUB_TOKEN Permissions
2025-03-16T22:43:33.6365478Z Actions: write
2025-03-16T22:43:33.6366242Z Attestations: write
2025-03-16T22:43:33.6366967Z Checks: write
2025-03-16T22:43:33.6367459Z Contents: write
2025-03-16T22:43:33.6368052Z Deployments: write
2025-03-16T22:43:33.6368947Z Discussions: write
2025-03-16T22:43:33.6369454Z Issues: write
2025-03-16T22:43:33.6370018Z Metadata: read
2025-03-16T22:43:33.6370567Z Packages: write
2025-03-16T22:43:33.6371068Z Pages: write
2025-03-16T22:43:33.6371651Z PullRequests: write
2025-03-16T22:43:33.6372158Z RepositoryProjects: write
2025-03-16T22:43:33.6372714Z SecurityEvents: write
2025-03-16T22:43:33.6373317Z Statuses: write
2025-03-16T22:43:33.6373822Z ##[endgroup]
2025-03-16T22:43:33.6376683Z Secret source: Actions
2025-03-16T22:43:33.6377423Z Prepare workflow directory
2025-03-16T22:43:33.6762880Z Prepare all required actions
2025-03-16T22:43:33.6799822Z Getting action download info
2025-03-16T22:43:33.9293381Z Download action repository 'actions/checkout@main' (SHA:85e6279cec87321a52edac9c87bce653a07cf6c2)
2025-03-16T22:43:34.0194133Z Download action repository 'actions/upload-artifact@main' (SHA:4cec3d8aa04e39d1a68397de0c4cd6fb9dce8ec1)
2025-03-16T22:43:34.1436649Z Download action repository 'softprops/action-gh-release@master' (SHA:ab50eebb6488051c6788d97fa95232267c6a4e23)
2025-03-16T22:43:34.5812012Z Download action repository 'Mattraks/delete-workflow-runs@main' (SHA:8859caa93697386bdb136521cca778eb9427e800)
2025-03-16T22:43:35.1073731Z Download action repository 'dev-drprasad/delete-older-releases@master' (SHA:49df26ac460ea2b7f943d0e33244981fcdfaeea3)
2025-03-16T22:43:35.4491063Z Complete job name: build
2025-03-16T22:43:35.5468393Z ##[group]Run actions/checkout@main
2025-03-16T22:43:35.5469926Z with:
2025-03-16T22:43:35.5471070Z   repository: MichaelRobsonZA/Tp-link-EC230-firmware-openwrt
2025-03-16T22:43:35.5472693Z   token: ***
2025-03-16T22:43:35.5473497Z   ssh-strict: true
2025-03-16T22:43:35.5474312Z   ssh-user: git
2025-03-16T22:43:35.5475181Z   persist-credentials: true
2025-03-16T22:43:35.5476125Z   clean: true
2025-03-16T22:43:35.5476983Z   sparse-checkout-cone-mode: true
2025-03-16T22:43:35.5478021Z   fetch-depth: 1
2025-03-16T22:43:35.5478965Z   fetch-tags: false
2025-03-16T22:43:35.5479829Z   show-progress: true
2025-03-16T22:43:35.5480663Z   lfs: false
2025-03-16T22:43:35.5481425Z   submodules: false
2025-03-16T22:43:35.5482287Z   set-safe-directory: true
2025-03-16T22:43:35.5483476Z env:
2025-03-16T22:43:35.5484387Z   REPO_URL: https://github.com/coolsnowwolf/lede
2025-03-16T22:43:35.5485535Z   REPO_BRANCH: master
2025-03-16T22:43:35.5486414Z   FEEDS_CONF: feeds.conf.default
2025-03-16T22:43:35.5487435Z   CONFIG_FILE: .config
2025-03-16T22:43:35.5488311Z   DIY_P1_SH: diy-part1.sh
2025-03-16T22:43:35.5489518Z   DIY_P2_SH: diy-part2.sh
2025-03-16T22:43:35.5490452Z   UPLOAD_BIN_DIR: false
2025-03-16T22:43:35.5491330Z   UPLOAD_FIRMWARE: true
2025-03-16T22:43:35.5492212Z   UPLOAD_RELEASE: true
2025-03-16T22:43:35.5493062Z   TZ: Asia/Shanghai
2025-03-16T22:43:35.5493868Z ##[endgroup]
2025-03-16T22:43:35.7942884Z Syncing repository: MichaelRobsonZA/Tp-link-EC230-firmware-openwrt
2025-03-16T22:43:35.7946910Z ##[group]Getting Git version info
2025-03-16T22:43:35.7949028Z Working directory is '/home/runner/work/Tp-link-EC230-firmware-openwrt/Tp-link-EC230-firmware-openwrt'
2025-03-16T22:43:35.7951647Z [command]/usr/bin/git version
2025-03-16T22:43:35.8021111Z git version 2.48.1
2025-03-16T22:43:35.8052735Z ##[endgroup]
2025-03-16T22:43:35.8068465Z Temporarily overriding HOME='/home/runner/work/_temp/5d073f0c-d701-48ef-a7c6-9a58208da713' before making global git config changes
2025-03-16T22:43:35.8073361Z Adding repository directory to the temporary git global config as a safe directory
2025-03-16T22:43:35.8077940Z [command]/usr/bin/git config --global --add safe.directory /home/runner/work/Tp-link-EC230-firmware-openwrt/Tp-link-EC230-firmware-openwrt
2025-03-16T22:43:35.8123997Z Deleting the contents of '/home/runner/work/Tp-link-EC230-firmware-openwrt/Tp-link-EC230-firmware-openwrt'
2025-03-16T22:43:35.8128488Z ##[group]Initializing the repository
2025-03-16T22:43:35.8132876Z [command]/usr/bin/git init /home/runner/work/Tp-link-EC230-firmware-openwrt/Tp-link-EC230-firmware-openwrt
2025-03-16T22:43:35.8214289Z hint: Using 'master' as the name for the initial branch. This default branch name
2025-03-16T22:43:35.8216134Z hint: is subject to change. To configure the initial branch name to use in all
2025-03-16T22:43:35.8217842Z hint: of your new repositories, which will suppress this warning, call:
2025-03-16T22:43:35.8219367Z hint:
2025-03-16T22:43:35.8220279Z hint: 	git config --global init.defaultBranch <name>
2025-03-16T22:43:35.8221403Z hint:
2025-03-16T22:43:35.8222474Z hint: Names commonly chosen instead of 'master' are 'main', 'trunk' and
2025-03-16T22:43:35.8224943Z hint: 'development'. The just-created branch can be renamed via this command:
2025-03-16T22:43:35.8226344Z hint:
2025-03-16T22:43:35.8227088Z hint: 	git branch -m <name>
2025-03-16T22:43:35.8229493Z Initialized empty Git repository in /home/runner/work/Tp-link-EC230-firmware-openwrt/Tp-link-EC230-firmware-openwrt/.git/
2025-03-16T22:43:35.8235986Z [command]/usr/bin/git remote add origin https://github.com/MichaelRobsonZA/Tp-link-EC230-firmware-openwrt
2025-03-16T22:43:35.8270721Z ##[endgroup]
2025-03-16T22:43:35.8272989Z ##[group]Disabling automatic garbage collection
2025-03-16T22:43:35.8275021Z [command]/usr/bin/git config --local gc.auto 0
2025-03-16T22:43:35.8306299Z ##[endgroup]
2025-03-16T22:43:35.8308000Z ##[group]Setting up auth
2025-03-16T22:43:35.8315929Z [command]/usr/bin/git config --local --name-only --get-regexp core\.sshCommand
2025-03-16T22:43:35.8352710Z [command]/usr/bin/git submodule foreach --recursive sh -c "git config --local --name-only --get-regexp 'core\.sshCommand' && git config --local --unset-all 'core.sshCommand' || :"
2025-03-16T22:43:35.8707794Z [command]/usr/bin/git config --local --name-only --get-regexp http\.https\:\/\/github\.com\/\.extraheader
2025-03-16T22:43:35.8739420Z [command]/usr/bin/git submodule foreach --recursive sh -c "git config --local --name-only --get-regexp 'http\.https\:\/\/github\.com\/\.extraheader' && git config --local --unset-all 'http.https://github.com/.extraheader' || :"
2025-03-16T22:43:35.8971876Z [command]/usr/bin/git config --local http.https://github.com/.extraheader AUTHORIZATION: basic ***
2025-03-16T22:43:35.9018956Z ##[endgroup]
2025-03-16T22:43:35.9020616Z ##[group]Fetching the repository
2025-03-16T22:43:35.9029899Z [command]/usr/bin/git -c protocol.version=2 fetch --no-tags --prune --no-recurse-submodules --depth=1 origin +c1beda1f5fcca91797002523550e7962ae167a39:refs/remotes/origin/main
2025-03-16T22:43:36.2917081Z From https://github.com/MichaelRobsonZA/Tp-link-EC230-firmware-openwrt
2025-03-16T22:43:36.2920329Z  * [new ref]         c1beda1f5fcca91797002523550e7962ae167a39 -> origin/main
2025-03-16T22:43:36.2946279Z ##[endgroup]
2025-03-16T22:43:36.2948051Z ##[group]Determining the checkout info
2025-03-16T22:43:36.2949973Z ##[endgroup]
2025-03-16T22:43:36.2953157Z [command]/usr/bin/git sparse-checkout disable
2025-03-16T22:43:36.2994050Z [command]/usr/bin/git config --local --unset-all extensions.worktreeConfig
2025-03-16T22:43:36.3022626Z ##[group]Checking out the ref
2025-03-16T22:43:36.3025559Z [command]/usr/bin/git checkout --progress --force -B main refs/remotes/origin/main
2025-03-16T22:43:36.3084802Z Switched to a new branch 'main'
2025-03-16T22:43:36.3088307Z branch 'main' set up to track 'origin/main'.
2025-03-16T22:43:36.3095617Z ##[endgroup]
2025-03-16T22:43:36.3130363Z [command]/usr/bin/git log -1 --format=%H
2025-03-16T22:43:36.3152854Z c1beda1f5fcca91797002523550e7962ae167a39
2025-03-16T22:43:36.3355519Z ##[group]Run sudo rm -rf /etc/apt/sources.list.d/* /usr/share/dotnet /usr/local/lib/android /opt/ghc /opt/hostedtoolcache/CodeQL
2025-03-16T22:43:36.3358482Z [36;1msudo rm -rf /etc/apt/sources.list.d/* /usr/share/dotnet /usr/local/lib/android /opt/ghc /opt/hostedtoolcache/CodeQL[0m
2025-03-16T22:43:36.3360749Z [36;1msudo docker image prune --all --force[0m
2025-03-16T22:43:36.3361857Z [36;1msudo -E apt-get -qq update[0m
2025-03-16T22:43:36.3370160Z [36;1msudo -E apt-get -qq install ack antlr3 asciidoc autoconf automake autopoint binutils bison build-essential bzip2 ccache cmake cpio curl device-tree-compiler fastjar flex gawk gettext gcc-multilib g++-multilib git gperf haveged help2man intltool libc6-dev-i386 libelf-dev libfuse-dev libglib2.0-dev libgmp3-dev libltdl-dev libmpc-dev libmpfr-dev libncurses5-dev libncursesw5-dev libpython3-dev libreadline-dev libssl-dev libtool lrzsz mkisofs msmtp ninja-build p7zip p7zip-full patch pkgconf python2.7 python3 python3-pyelftools python3-setuptools qemu-utils rsync scons squashfs-tools subversion swig texinfo uglifyjs upx-ucl unzip vim wget xmlto xxd zlib1g-dev[0m
2025-03-16T22:43:36.3378357Z [36;1msudo -E apt-get -qq autoremove --purge[0m
2025-03-16T22:43:36.3379707Z [36;1msudo -E apt-get -qq clean[0m
2025-03-16T22:43:36.3380765Z [36;1msudo timedatectl set-timezone "$TZ"[0m
2025-03-16T22:43:36.3381840Z [36;1msudo mkdir -p /workdir[0m
2025-03-16T22:43:36.3382845Z [36;1msudo chown $USER:$GROUPS /workdir[0m
2025-03-16T22:43:36.3480448Z shell: /usr/bin/bash -e {0}
2025-03-16T22:43:36.3481351Z env:
2025-03-16T22:43:36.3482203Z   REPO_URL: https://github.com/coolsnowwolf/lede
2025-03-16T22:43:36.3483295Z   REPO_BRANCH: master
2025-03-16T22:43:36.3484150Z   FEEDS_CONF: feeds.conf.default
2025-03-16T22:43:36.3485083Z   CONFIG_FILE: .config
2025-03-16T22:43:36.3485923Z   DIY_P1_SH: diy-part1.sh
2025-03-16T22:43:36.3486792Z   DIY_P2_SH: diy-part2.sh
2025-03-16T22:43:36.3487657Z   UPLOAD_BIN_DIR: false
2025-03-16T22:43:36.3488647Z   UPLOAD_FIRMWARE: true
2025-03-16T22:43:36.3489501Z   UPLOAD_RELEASE: true
2025-03-16T22:43:36.3490304Z   TZ: Asia/Shanghai
2025-03-16T22:43:36.3491147Z   DEBIAN_FRONTEND: noninteractive
2025-03-16T22:43:36.3492077Z ##[endgroup]
2025-03-16T22:43:53.6847915Z Deleted Images:
2025-03-16T22:43:53.6848458Z untagged: ubuntu:22.04
2025-03-16T22:43:53.6849631Z untagged: ubuntu@sha256:ed1544e454989078f5dec1bfdabd8c5cc9c48e0705d07b678ab6ae3fb61952d2
2025-03-16T22:43:53.6850846Z deleted: sha256:a24be041d9576937f62435f8564c2ca6e429d2760537b04c50ca50adb0c6d212
2025-03-16T22:43:53.6851978Z deleted: sha256:270a1170e7e398434ff1b31e17e233f7d7b71aa99a40473615860068e86720af
2025-03-16T22:43:53.6852657Z untagged: ubuntu:20.04
2025-03-16T22:43:53.6853290Z untagged: ubuntu@sha256:8e5c4f0285ecbb4ead070431d29b576a530d3166df73ec44affc1cd27555141b
2025-03-16T22:43:53.6854231Z deleted: sha256:6013ae1a63c2ee58a8949f03c6366a3ef6a2f386a7db27d86de2de965e9f450b
2025-03-16T22:43:53.6855137Z deleted: sha256:fffe76c64ef2dee2d80a8bb3ad13d65d596d04a45510b1956a976a69215dae92
2025-03-16T22:43:53.6855789Z untagged: node:20
2025-03-16T22:43:53.6856385Z untagged: node@sha256:bcf90f85634194bc51e92f8add1221c7fdeeff94b7f1ff360aeaa7498086d641
2025-03-16T22:43:53.6857306Z deleted: sha256:ffa219f9ddc21f20d1dbf4d948f6c8cfe5981b2f2cbf05497a320ea68373f0df
2025-03-16T22:43:53.6858171Z deleted: sha256:731a7825262acb7b74c9d94207d55b0bba6c80d62263cfd1fe463164835e083d
2025-03-16T22:43:53.6859267Z deleted: sha256:364a5558a74965ae05b65e35b1faac8c5da9de0dfbd06ebd6c8538f4810a4875
2025-03-16T22:43:53.6860598Z deleted: sha256:bb94a209ffa7b4cc916fbb97b8c309146bbaf6e316dc976f6a7c185fef2adacd
2025-03-16T22:43:53.6861579Z deleted: sha256:a8b0411c13969d679e6894673c57c7a5faae3f2e6dbe5e1b82b9120b61f70c3b
2025-03-16T22:43:53.6862191Z untagged: debian:10
2025-03-16T22:43:53.6862779Z untagged: debian@sha256:58ce6f1271ae1c8a2006ff7d3e54e9874d839f573d8009c20154ad0f2fb0a225
2025-03-16T22:43:53.6863654Z deleted: sha256:69530eaa9e7e18d0aad40c38b75a22b40c6ebdc374c059bd5f2eb07042caa50a
2025-03-16T22:43:53.6864840Z deleted: sha256:19b1230ac19da0b27c923fa01d30578f13ca2b309e8b25f04023e433df628c70
2025-03-16T22:43:53.6865533Z untagged: node:20-alpine
2025-03-16T22:43:53.6866140Z untagged: node@sha256:053c1d99e608fe9fa0db6821edd84276277c0a663cd181f4a3e59ee20f5f07ea
2025-03-16T22:43:53.6867017Z deleted: sha256:62dd47071da9b5f894d190944036caf6e5fad07d32f61c15f47d8ce7c03003d2
2025-03-16T22:43:53.6867869Z deleted: sha256:83ff9b240d2f8cdeb6067741901b5f5ff8fd49f74c017ede26e7021c7e01e12b
2025-03-16T22:43:53.6868924Z deleted: sha256:e1cf18e077eb13835a6e73598006d71fd9b9b69b68b1c4506fc366ec5bb3616c
2025-03-16T22:43:53.6869794Z deleted: sha256:3bb7fc10214210c3d381cb8d7f19a7b9626fe26cd0fdfee116256f9b33a279f7
2025-03-16T22:43:53.6870418Z untagged: alpine:3.18
2025-03-16T22:43:53.6871008Z untagged: alpine@sha256:de0eb0b3f2a47ba1eb89389859a9bd88b28e82f5826b6969ad604979713c2d4f
2025-03-16T22:43:53.6871897Z deleted: sha256:802c91d5298192c0f3a08101aeb5f9ade2992e22c9e27fa8b88eab82602550d0
2025-03-16T22:43:53.6872807Z deleted: sha256:f44f286046d9443b2aeb895c0e1f4e688698247427bca4d15112c8e3432a803e
2025-03-16T22:43:53.6873448Z untagged: alpine:3.16
2025-03-16T22:43:53.6874043Z untagged: alpine@sha256:452e7292acee0ee16c332324d7de05fa2c99f9994ecc9f0779c602916a672ae4
2025-03-16T22:43:53.6874913Z deleted: sha256:d49a5025be10344cce77d178103a225cb5d7316861e5d8f106e7ff278ae51b62
2025-03-16T22:43:53.6875572Z deleted: sha256:5535fda0356bb3eff348b2f618314a47946d7ccfbeb880b3fc910dd7375ae140
2025-03-16T22:43:53.6875964Z untagged: node:18-alpine
2025-03-16T22:43:53.6876345Z untagged: node@sha256:e0340f26173b41066d68e3fe9bfbdb6571ab3cad0a4272919a52e36f4ae56925
2025-03-16T22:43:53.6876886Z deleted: sha256:70649fe1a0d792c12299abc78e1bc691884f8a7b519a294c351caa0748531b7c
2025-03-16T22:43:53.6877402Z deleted: sha256:f0a984eb15670796447dcadca756f6ada1f47a9b9acfeb3ede7a48387d827d47
2025-03-16T22:43:53.6878121Z deleted: sha256:f888edbe62a34e8df22916c7a435d9089e0800cfc94776e97a3f4b15412ed7cc
2025-03-16T22:43:53.6879187Z deleted: sha256:24f966ca7362df7ccdaa6eaff15a4f620931d48c664a3c47ce8431cce29b973f
2025-03-16T22:43:53.6879836Z untagged: alpine:3.17
2025-03-16T22:43:53.6880464Z untagged: alpine@sha256:8fc3dacfb6d69da8d44e42390de777e48577085db99aa4e4af35f483eb08b989
2025-03-16T22:43:53.6881387Z deleted: sha256:775f483016a7d128be2a6c6978785619990f9ac24abb5ff1868222020118b279
2025-03-16T22:43:53.6882283Z deleted: sha256:8d78b2117a5b8bff0a001610c8e3eecb6dcfd5e82a25d23048df7a09e77d6307
2025-03-16T22:43:53.6883035Z untagged: alpine:3.19
2025-03-16T22:43:53.6883668Z untagged: alpine@sha256:e5d0aea7f7d2954678a9a6269ca2d06e06591881161961ea59e974dff3f12377
2025-03-16T22:43:53.6884598Z deleted: sha256:13e536457b0ccffd818d4e63f289c7aaef46bbab60b0aafe7723d2f2fae52021
2025-03-16T22:43:53.6885496Z deleted: sha256:0499fc56f5e2303d8f36d9dd1908d469f446b41e0af05a98a5bcdbcecc799a43
2025-03-16T22:43:53.6886157Z untagged: node:22-alpine
2025-03-16T22:43:53.6886797Z untagged: node@sha256:9bef0ef1e268f60627da9ba7d7605e8831d5b56ad07487d24d1aa386336d1944
2025-03-16T22:43:53.6887725Z deleted: sha256:33544e83793ca080b49f5a30fb7dbe8a678765973de6ea301572a0ef53e76333
2025-03-16T22:43:53.6888777Z deleted: sha256:f197a61d8720018e2cfd4fa64724fb1a6ba5b6a840a72fddb96df0681c9824dc
2025-03-16T22:43:53.6889598Z deleted: sha256:8331121413c4f163f56d956b6fef5f1b9e0f1595dbc93ce1f6eb22f5cb357156
2025-03-16T22:43:53.6890443Z deleted: sha256:f092e715ea122d136315d77c3984918cceae926ed59d932651c2070cfbc3c240
2025-03-16T22:43:53.6891081Z untagged: moby/buildkit:latest
2025-03-16T22:43:53.6892007Z untagged: moby/buildkit@sha256:c5137fdd77377ea102a2622714df55459fe42e5867ba180bda07291aa7952d9b
2025-03-16T22:43:53.6892987Z deleted: sha256:9a7c554fb67ad49ab2e6a8ee8ed575140900e5380d146c13ad6812e3710e27d6
2025-03-16T22:43:53.6893888Z deleted: sha256:749bb4f47458578d64db186c67712dd6f46d2d7e6d7a282164acc4ca1c29d097
2025-03-16T22:43:53.6894829Z deleted: sha256:065fcc9b933c609845ad58358f98b8dbac4cefef9b1fe689a7a01b4725ce2e25
2025-03-16T22:43:53.6895908Z deleted: sha256:93c5c05e1854a8782fabb1f735d5b21f1327c71cf6e7315c335c2228fb38893c
2025-03-16T22:43:53.6896816Z deleted: sha256:08000c18d16dadf9553d747a58cf44023423a9ab010aab96cf263d2216b8b350
2025-03-16T22:43:53.6897464Z untagged: debian:11
2025-03-16T22:43:53.6898121Z untagged: debian@sha256:a6cec654bb08bdc6a563cd7507b62f57c916290e195142e79a0d41a70ebb26fa
2025-03-16T22:43:53.6899278Z deleted: sha256:98efc6e2feb6149fa6046cc25d047bbc6a3ff67aa1aa141bb5029015c9d92000
2025-03-16T22:43:53.6900230Z deleted: sha256:ddb64f5a9e888c493467d08ccedb18895c2bf2bb6513e3876ae3cb8887635a0d
2025-03-16T22:43:53.6901021Z untagged: node:18
2025-03-16T22:43:53.6901697Z untagged: node@sha256:ba756f198b4b1e0114b53b23121c8ae27f7ae4d5d95ca4a0554b0649cc9c7dcf
2025-03-16T22:43:53.6902673Z deleted: sha256:512bc7f93b1cd61f26c94e4f2b809fcfa90ef577db27c906c71bf1068c1afa5d
2025-03-16T22:43:53.6903599Z deleted: sha256:1fd5fde36a82c02a2a23a42debe0b0e35307fd366ca06451b3587193a2aebc38
2025-03-16T22:43:53.6904518Z deleted: sha256:b728a934d7189fb4fc7f9806b80f7210c7e36ca078d33b26cf475a0c180e6db1
2025-03-16T22:43:53.6905427Z deleted: sha256:b645b91a1b1fd7223f2e31ffb3ab27fd799656725f1cf76bc4f25ca110adf471
2025-03-16T22:43:53.6906370Z deleted: sha256:0e70c8a3d561ea7e59adb6a31a7686dd6ba4b4ca27ca1aa05340939196727d4c
2025-03-16T22:43:53.6907026Z untagged: node:22
2025-03-16T22:43:53.6907675Z untagged: node@sha256:f6b9c31ace05502dd98ef777aaa20464362435dcc5e312b0e213121dcf7d8b95
2025-03-16T22:43:53.6908885Z deleted: sha256:f95b9fc1b158a04a1d2674d648eca060c7d1be1b3cea394a6534425f23210203
2025-03-16T22:43:53.6909873Z deleted: sha256:5bbfd3d03540e95a09e2d694c8426a1787665caa8e1405ace1c6576d9ef105c9
2025-03-16T22:43:53.6910800Z deleted: sha256:9df943aba64220cf555fad957e61539ecaf3bb38cb85f268c0b6ff5e31fcb480
2025-03-16T22:43:53.6911726Z deleted: sha256:6bce3ba6497c291bdc0c9c8e8eefea2a631cfc6d426422069f6aa98068dad8ff
2025-03-16T22:43:53.6912664Z deleted: sha256:2eeb1b01c38ed319ff202e9428b54d84962a5cfe0cf9a3ec5b15ce2c9fd4fa43
2025-03-16T22:43:53.6913635Z deleted: sha256:19499b1b05655fb8dfdb97d2d70be8a37d8be186b2ee54195d38973451b642c3
2025-03-16T22:43:53.6914534Z deleted: sha256:61c887cfa58ed480aa22fc34dbb933dd29538b13aab89847e071e5253d40e2d6
2025-03-16T22:43:53.6915419Z deleted: sha256:70c8762a14802e4ea0362748fca2ae2593b7866d954f915bae51cae1fa436297
2025-03-16T22:43:53.6916322Z deleted: sha256:01c9a2a5f23727d0aab91da9d479286e25780d50b574f1a9df47ca850a88b591
2025-03-16T22:43:53.6916821Z 
2025-03-16T22:43:53.6917005Z Total reclaimed space: 2.466GB
2025-03-16T22:44:20.3635873Z Preconfiguring packages ...
2025-03-16T22:44:20.4606322Z Selecting previously unselected package fonts-droid-fallback.
2025-03-16T22:44:20.4832098Z (Reading database ... 
2025-03-16T22:44:20.4832487Z (Reading database ... 5%
2025-03-16T22:44:20.4832768Z (Reading database ... 10%
2025-03-16T22:44:20.4832994Z (Reading database ... 15%
2025-03-16T22:44:20.4833206Z (Reading database ... 20%
2025-03-16T22:44:20.4833447Z (Reading database ... 25%
2025-03-16T22:44:20.4833804Z (Reading database ... 30%
2025-03-16T22:44:20.4834166Z (Reading database ... 35%
2025-03-16T22:44:20.4834545Z (Reading database ... 40%
2025-03-16T22:44:20.4834899Z (Reading database ... 45%
2025-03-16T22:44:20.4835230Z (Reading database ... 50%
2025-03-16T22:44:20.5186851Z (Reading database ... 55%
2025-03-16T22:44:20.5423629Z (Reading database ... 60%
2025-03-16T22:44:20.5636819Z (Reading database ... 65%
2025-03-16T22:44:20.5876815Z (Reading database ... 70%
2025-03-16T22:44:20.6342080Z (Reading database ... 75%
2025-03-16T22:44:20.6966098Z (Reading database ... 80%
2025-03-16T22:44:20.7527009Z (Reading database ... 85%
2025-03-16T22:44:20.8300024Z (Reading database ... 90%
2025-03-16T22:44:20.8716164Z (Reading database ... 95%
2025-03-16T22:44:20.8716673Z (Reading database ... 100%
2025-03-16T22:44:20.8717330Z (Reading database ... 270870 files and directories currently installed.)
2025-03-16T22:44:20.8769072Z Preparing to unpack .../000-fonts-droid-fallback_1%3a6.0.1r16-1.1build1_all.deb ...
2025-03-16T22:44:20.9014633Z Unpacking fonts-droid-fallback (1:6.0.1r16-1.1build1) ...
2025-03-16T22:44:21.0604560Z Selecting previously unselected package poppler-data.
2025-03-16T22:44:21.0775867Z Preparing to unpack .../001-poppler-data_0.4.11-1_all.deb ...
2025-03-16T22:44:21.0787211Z Unpacking poppler-data (0.4.11-1) ...
2025-03-16T22:44:21.2080502Z Selecting previously unselected package libpython2.7-minimal:amd64.
2025-03-16T22:44:21.2248152Z Preparing to unpack .../002-libpython2.7-minimal_2.7.18-13ubuntu1.5_amd64.deb ...
2025-03-16T22:44:21.2258405Z Unpacking libpython2.7-minimal:amd64 (2.7.18-13ubuntu1.5) ...
2025-03-16T22:44:21.2864348Z Selecting previously unselected package python2.7-minimal.
2025-03-16T22:44:21.3032531Z Preparing to unpack .../003-python2.7-minimal_2.7.18-13ubuntu1.5_amd64.deb ...
2025-03-16T22:44:21.3089488Z Unpacking python2.7-minimal (2.7.18-13ubuntu1.5) ...
2025-03-16T22:44:21.3532255Z Selecting previously unselected package sgml-base.
2025-03-16T22:44:21.3698410Z Preparing to unpack .../004-sgml-base_1.30_all.deb ...
2025-03-16T22:44:21.3759027Z Unpacking sgml-base (1.30) ...
2025-03-16T22:44:21.4157452Z Selecting previously unselected package libfile-next-perl.
2025-03-16T22:44:21.4324830Z Preparing to unpack .../005-libfile-next-perl_1.18-1_all.deb ...
2025-03-16T22:44:21.4334822Z Unpacking libfile-next-perl (1.18-1) ...
2025-03-16T22:44:21.4613729Z Selecting previously unselected package ack.
2025-03-16T22:44:21.4780370Z Preparing to unpack .../006-ack_3.5.0-1_all.deb ...
2025-03-16T22:44:21.4854678Z Unpacking ack (3.5.0-1) ...
2025-03-16T22:44:21.5131801Z Selecting previously unselected package libantlr3-runtime-java.
2025-03-16T22:44:21.5297126Z Preparing to unpack .../007-libantlr3-runtime-java_3.5.2-9_all.deb ...
2025-03-16T22:44:21.5306683Z Unpacking libantlr3-runtime-java (3.5.2-9) ...
2025-03-16T22:44:21.5652041Z Selecting previously unselected package libstringtemplate4-java.
2025-03-16T22:44:21.5816242Z Preparing to unpack .../008-libstringtemplate4-java_4.0.8-2.1_all.deb ...
2025-03-16T22:44:21.5829210Z Unpacking libstringtemplate4-java (4.0.8-2.1) ...
2025-03-16T22:44:21.6198954Z Selecting previously unselected package antlr3.
2025-03-16T22:44:21.6359424Z Preparing to unpack .../009-antlr3_3.5.2-9_all.deb ...
2025-03-16T22:44:21.6375400Z Unpacking antlr3 (3.5.2-9) ...
2025-03-16T22:44:21.7307140Z Selecting previously unselected package asciidoc-common.
2025-03-16T22:44:21.7471879Z Preparing to unpack .../010-asciidoc-common_10.1.2-1_all.deb ...
2025-03-16T22:44:21.8657639Z Unpacking asciidoc-common (10.1.2-1) ...
2025-03-16T22:44:21.9064058Z Selecting previously unselected package xml-core.
2025-03-16T22:44:21.9233744Z Preparing to unpack .../011-xml-core_0.18+nmu1_all.deb ...
2025-03-16T22:44:21.9270776Z Unpacking xml-core (0.18+nmu1) ...
2025-03-16T22:44:21.9583581Z Selecting previously unselected package docbook-xsl.
2025-03-16T22:44:21.9748840Z Preparing to unpack .../012-docbook-xsl_1.79.2+dfsg-1_all.deb ...
2025-03-16T22:44:21.9785933Z Unpacking docbook-xsl (1.79.2+dfsg-1) ...
2025-03-16T22:44:22.1768429Z Selecting previously unselected package libxml2-utils.
2025-03-16T22:44:22.1938407Z Preparing to unpack .../013-libxml2-utils_2.9.13+dfsg-1ubuntu0.6_amd64.deb ...
2025-03-16T22:44:22.1950372Z Unpacking libxml2-utils (2.9.13+dfsg-1ubuntu0.6) ...
2025-03-16T22:44:22.2200542Z Selecting previously unselected package xsltproc.
2025-03-16T22:44:22.2366073Z Preparing to unpack .../014-xsltproc_1.1.34-4ubuntu0.22.04.1_amd64.deb ...
2025-03-16T22:44:22.2379032Z Unpacking xsltproc (1.1.34-4ubuntu0.22.04.1) ...
2025-03-16T22:44:22.2691352Z Selecting previously unselected package asciidoc-base.
2025-03-16T22:44:22.2857176Z Preparing to unpack .../015-asciidoc-base_10.1.2-1_all.deb ...
2025-03-16T22:44:22.2940231Z Unpacking asciidoc-base (10.1.2-1) ...
2025-03-16T22:44:22.3261731Z Selecting previously unselected package asciidoc.
2025-03-16T22:44:22.3425556Z Preparing to unpack .../016-asciidoc_10.1.2-1_all.deb ...
2025-03-16T22:44:22.4608868Z Unpacking asciidoc (10.1.2-1) ...
2025-03-16T22:44:22.4883020Z Selecting previously unselected package sgml-data.
2025-03-16T22:44:22.5049672Z Preparing to unpack .../017-sgml-data_2.0.11+nmu1_all.deb ...
2025-03-16T22:44:22.5067270Z Unpacking sgml-data (2.0.11+nmu1) ...
2025-03-16T22:44:22.5623950Z Selecting previously unselected package docbook-xml.
2025-03-16T22:44:22.5791872Z Preparing to unpack .../018-docbook-xml_4.5-11_all.deb ...
2025-03-16T22:44:22.5831152Z Unpacking docbook-xml (4.5-11) ...
2025-03-16T22:44:22.6314021Z Selecting previously unselected package libkpathsea6:amd64.
2025-03-16T22:44:22.6480915Z Preparing to unpack .../019-libkpathsea6_2021.20210626.59705-1ubuntu0.2_amd64.deb ...
2025-03-16T22:44:22.6509277Z Unpacking libkpathsea6:amd64 (2021.20210626.59705-1ubuntu0.2) ...
2025-03-16T22:44:22.6768400Z Selecting previously unselected package libptexenc1:amd64.
2025-03-16T22:44:22.6934636Z Preparing to unpack .../020-libptexenc1_2021.20210626.59705-1ubuntu0.2_amd64.deb ...
2025-03-16T22:44:22.6949663Z Unpacking libptexenc1:amd64 (2021.20210626.59705-1ubuntu0.2) ...
2025-03-16T22:44:22.7196776Z Selecting previously unselected package libsynctex2:amd64.
2025-03-16T22:44:22.7361579Z Preparing to unpack .../021-libsynctex2_2021.20210626.59705-1ubuntu0.2_amd64.deb ...
2025-03-16T22:44:22.7375637Z Unpacking libsynctex2:amd64 (2021.20210626.59705-1ubuntu0.2) ...
2025-03-16T22:44:22.7625756Z Selecting previously unselected package libtexlua53:amd64.
2025-03-16T22:44:22.7790881Z Preparing to unpack .../022-libtexlua53_2021.20210626.59705-1ubuntu0.2_amd64.deb ...
2025-03-16T22:44:22.7799740Z Unpacking libtexlua53:amd64 (2021.20210626.59705-1ubuntu0.2) ...
2025-03-16T22:44:22.8047759Z Selecting previously unselected package libtexluajit2:amd64.
2025-03-16T22:44:22.8212090Z Preparing to unpack .../023-libtexluajit2_2021.20210626.59705-1ubuntu0.2_amd64.deb ...
2025-03-16T22:44:22.8230677Z Unpacking libtexluajit2:amd64 (2021.20210626.59705-1ubuntu0.2) ...
2025-03-16T22:44:22.8492492Z Selecting previously unselected package t1utils.
2025-03-16T22:44:22.8656415Z Preparing to unpack .../024-t1utils_1.41-4build2_amd64.deb ...
2025-03-16T22:44:22.8669658Z Unpacking t1utils (1.41-4build2) ...
2025-03-16T22:44:22.8980892Z Selecting previously unselected package libteckit0:amd64.
2025-03-16T22:44:22.9147561Z Preparing to unpack .../025-libteckit0_2.5.11+ds1-1_amd64.deb ...
2025-03-16T22:44:22.9159140Z Unpacking libteckit0:amd64 (2.5.11+ds1-1) ...
2025-03-16T22:44:22.9541229Z Selecting previously unselected package libzzip-0-13:amd64.
2025-03-16T22:44:22.9706464Z Preparing to unpack .../026-libzzip-0-13_0.13.72+dfsg.1-1.1_amd64.deb ...
2025-03-16T22:44:22.9717870Z Unpacking libzzip-0-13:amd64 (0.13.72+dfsg.1-1.1) ...
2025-03-16T22:44:22.9989641Z Selecting previously unselected package texlive-binaries.
2025-03-16T22:44:23.0153928Z Preparing to unpack .../027-texlive-binaries_2021.20210626.59705-1ubuntu0.2_amd64.deb ...
2025-03-16T22:44:23.0227895Z Unpacking texlive-binaries (2021.20210626.59705-1ubuntu0.2) ...
2025-03-16T22:44:23.2892779Z Selecting previously unselected package texlive-base.
2025-03-16T22:44:23.3060654Z Preparing to unpack .../028-texlive-base_2021.20220204-1_all.deb ...
2025-03-16T22:44:23.3269010Z Unpacking texlive-base (2021.20220204-1) ...
2025-03-16T22:44:24.7627873Z Selecting previously unselected package texlive-fonts-recommended.
2025-03-16T22:44:24.7808298Z Preparing to unpack .../029-texlive-fonts-recommended_2021.20220204-1_all.deb ...
2025-03-16T22:44:24.7820535Z Unpacking texlive-fonts-recommended (2021.20220204-1) ...
2025-03-16T22:44:25.3573710Z Selecting previously unselected package fonts-lmodern.
2025-03-16T22:44:25.3750975Z Preparing to unpack .../030-fonts-lmodern_2.004.5-6.1_all.deb ...
2025-03-16T22:44:25.3766378Z Unpacking fonts-lmodern (2.004.5-6.1) ...
2025-03-16T22:44:25.6998066Z Selecting previously unselected package texlive-latex-base.
2025-03-16T22:44:25.7167178Z Preparing to unpack .../031-texlive-latex-base_2021.20220204-1_all.deb ...
2025-03-16T22:44:25.7248723Z Unpacking texlive-latex-base (2021.20220204-1) ...
2025-03-16T22:44:26.0664599Z Selecting previously unselected package texlive-latex-recommended.
2025-03-16T22:44:26.0843274Z Preparing to unpack .../032-texlive-latex-recommended_2021.20220204-1_all.deb ...
2025-03-16T22:44:26.0858850Z Unpacking texlive-latex-recommended (2021.20220204-1) ...
2025-03-16T22:44:27.1101617Z Selecting previously unselected package texlive.
2025-03-16T22:44:27.1282201Z Preparing to unpack .../033-texlive_2021.20220204-1_all.deb ...
2025-03-16T22:44:27.1294347Z Unpacking texlive (2021.20220204-1) ...
2025-03-16T22:44:27.1587867Z Selecting previously unselected package texlive-bibtex-extra.
2025-03-16T22:44:27.1760743Z Preparing to unpack .../034-texlive-bibtex-extra_2021.20220204-1_all.deb ...
2025-03-16T22:44:27.1775406Z Unpacking texlive-bibtex-extra (2021.20220204-1) ...
2025-03-16T22:44:30.8902754Z Selecting previously unselected package libsombok3:amd64.
2025-03-16T22:44:30.9090400Z Preparing to unpack .../035-libsombok3_2.4.0-2_amd64.deb ...
2025-03-16T22:44:30.9099191Z Unpacking libsombok3:amd64 (2.4.0-2) ...
2025-03-16T22:44:30.9359442Z Selecting previously unselected package libmime-charset-perl.
2025-03-16T22:44:30.9534668Z Preparing to unpack .../036-libmime-charset-perl_1.012.2-1_all.deb ...
2025-03-16T22:44:30.9547571Z Unpacking libmime-charset-perl (1.012.2-1) ...
2025-03-16T22:44:30.9813579Z Selecting previously unselected package libunicode-linebreak-perl.
2025-03-16T22:44:30.9987715Z Preparing to unpack .../037-libunicode-linebreak-perl_0.0.20190101-1build3_amd64.deb ...
2025-03-16T22:44:30.9999071Z Unpacking libunicode-linebreak-perl (0.0.20190101-1build3) ...
2025-03-16T22:44:31.0296193Z Selecting previously unselected package xfonts-encodings.
2025-03-16T22:44:31.0469542Z Preparing to unpack .../038-xfonts-encodings_1%3a1.0.5-0ubuntu2_all.deb ...
2025-03-16T22:44:31.0481456Z Unpacking xfonts-encodings (1:1.0.5-0ubuntu2) ...
2025-03-16T22:44:31.0815337Z Selecting previously unselected package xfonts-utils.
2025-03-16T22:44:31.0987230Z Preparing to unpack .../039-xfonts-utils_1%3a7.7+6build2_amd64.deb ...
2025-03-16T22:44:31.1000547Z Unpacking xfonts-utils (1:7.7+6build2) ...
2025-03-16T22:44:31.1348718Z Selecting previously unselected package lmodern.
2025-03-16T22:44:31.1521978Z Preparing to unpack .../040-lmodern_2.004.5-6.1_all.deb ...
2025-03-16T22:44:31.1647985Z Unpacking lmodern (2.004.5-6.1) ...
2025-03-16T22:44:31.8829204Z Selecting previously unselected package texlive-luatex.
2025-03-16T22:44:31.9007648Z Preparing to unpack .../041-texlive-luatex_2021.20220204-1_all.deb ...
2025-03-16T22:44:31.9015787Z Unpacking texlive-luatex (2021.20220204-1) ...
2025-03-16T22:44:32.9456591Z Selecting previously unselected package texlive-plain-generic.
2025-03-16T22:44:32.9635594Z Preparing to unpack .../042-texlive-plain-generic_2021.20220204-1_all.deb ...
2025-03-16T22:44:32.9646773Z Unpacking texlive-plain-generic (2021.20220204-1) ...
2025-03-16T22:44:35.6449399Z Selecting previously unselected package texlive-extra-utils.
2025-03-16T22:44:35.6669949Z Preparing to unpack .../043-texlive-extra-utils_2021.20220204-1_all.deb ...
2025-03-16T22:44:35.6682194Z Unpacking texlive-extra-utils (2021.20220204-1) ...
2025-03-16T22:44:38.6025168Z Selecting previously unselected package libapache-pom-java.
2025-03-16T22:44:38.6216918Z Preparing to unpack .../044-libapache-pom-java_18-1_all.deb ...
2025-03-16T22:44:38.6227653Z Unpacking libapache-pom-java (18-1) ...
2025-03-16T22:44:38.6482664Z Selecting previously unselected package libcommons-parent-java.
2025-03-16T22:44:38.6667370Z Preparing to unpack .../045-libcommons-parent-java_43-1_all.deb ...
2025-03-16T22:44:38.6678442Z Unpacking libcommons-parent-java (43-1) ...
2025-03-16T22:44:38.6942116Z Selecting previously unselected package libcommons-logging-java.
2025-03-16T22:44:38.7127142Z Preparing to unpack .../046-libcommons-logging-java_1.2-2_all.deb ...
2025-03-16T22:44:38.7138484Z Unpacking libcommons-logging-java (1.2-2) ...
2025-03-16T22:44:38.7437874Z Selecting previously unselected package libfontbox-java.
2025-03-16T22:44:38.7623173Z Preparing to unpack .../047-libfontbox-java_1%3a1.8.16-2_all.deb ...
2025-03-16T22:44:38.7652871Z Unpacking libfontbox-java (1:1.8.16-2) ...
2025-03-16T22:44:38.8031275Z Selecting previously unselected package libpdfbox-java.
2025-03-16T22:44:38.8217469Z Preparing to unpack .../048-libpdfbox-java_1%3a1.8.16-2_all.deb ...
2025-03-16T22:44:38.8234243Z Unpacking libpdfbox-java (1:1.8.16-2) ...
2025-03-16T22:44:39.1047201Z Selecting previously unselected package preview-latex-style.
2025-03-16T22:44:39.1232032Z Preparing to unpack .../049-preview-latex-style_12.2-1ubuntu1_all.deb ...
2025-03-16T22:44:39.1243663Z Unpacking preview-latex-style (12.2-1ubuntu1) ...
2025-03-16T22:44:39.1683777Z Selecting previously unselected package texlive-pictures.
2025-03-16T22:44:39.1870619Z Preparing to unpack .../050-texlive-pictures_2021.20220204-1_all.deb ...
2025-03-16T22:44:39.1880587Z Unpacking texlive-pictures (2021.20220204-1) ...
2025-03-16T22:44:40.1896700Z Selecting previously unselected package texlive-latex-extra.
2025-03-16T22:44:40.2099877Z Preparing to unpack .../051-texlive-latex-extra_2021.20220204-1_all.deb ...
2025-03-16T22:44:40.2110858Z Unpacking texlive-latex-extra (2021.20220204-1) ...
2025-03-16T22:44:41.6169965Z Selecting previously unselected package fonts-gfs-baskerville.
2025-03-16T22:44:41.6386592Z Preparing to unpack .../052-fonts-gfs-baskerville_1.1-6_all.deb ...
2025-03-16T22:44:41.6397893Z Unpacking fonts-gfs-baskerville (1.1-6) ...
2025-03-16T22:44:41.6676652Z Selecting previously unselected package fonts-gfs-porson.
2025-03-16T22:44:41.6868829Z Preparing to unpack .../053-fonts-gfs-porson_1.1-7_all.deb ...
2025-03-16T22:44:41.6882125Z Unpacking fonts-gfs-porson (1.1-7) ...
2025-03-16T22:44:41.7215582Z Selecting previously unselected package texlive-lang-greek.
2025-03-16T22:44:41.7407041Z Preparing to unpack .../054-texlive-lang-greek_2021.20220204-1_all.deb ...
2025-03-16T22:44:41.7481399Z Unpacking texlive-lang-greek (2021.20220204-1) ...
2025-03-16T22:44:45.7129327Z Selecting previously unselected package texlive-science.
2025-03-16T22:44:45.7338223Z Preparing to unpack .../055-texlive-science_2021.20220204-1_all.deb ...
2025-03-16T22:44:45.7355667Z Unpacking texlive-science (2021.20220204-1) ...
2025-03-16T22:44:46.0855021Z Selecting previously unselected package dblatex.
2025-03-16T22:44:46.1054043Z Preparing to unpack .../056-dblatex_0.3.12py3-1_all.deb ...
2025-03-16T22:44:46.1064001Z Unpacking dblatex (0.3.12py3-1) ...
2025-03-16T22:44:46.1841401Z Selecting previously unselected package libosp5.
2025-03-16T22:44:46.2039864Z Preparing to unpack .../057-libosp5_1.5.2-13ubuntu3_amd64.deb ...
2025-03-16T22:44:46.2051646Z Unpacking libosp5 (1.5.2-13ubuntu3) ...
2025-03-16T22:44:46.2776471Z Selecting previously unselected package libostyle1c2.
2025-03-16T22:44:46.2975324Z Preparing to unpack .../058-libostyle1c2_1.4devel1-22_amd64.deb ...
2025-03-16T22:44:46.2987756Z Unpacking libostyle1c2 (1.4devel1-22) ...
2025-03-16T22:44:46.3772871Z Selecting previously unselected package openjade.
2025-03-16T22:44:46.3979277Z Preparing to unpack .../059-openjade_1.4devel1-22_amd64.deb ...
2025-03-16T22:44:46.3991395Z Unpacking openjade (1.4devel1-22) ...
2025-03-16T22:44:46.4450098Z Selecting previously unselected package docbook-dsssl.
2025-03-16T22:44:46.4646325Z Preparing to unpack .../060-docbook-dsssl_1.79-10_all.deb ...
2025-03-16T22:44:46.4655875Z Unpacking docbook-dsssl (1.79-10) ...
2025-03-16T22:44:46.5319408Z Selecting previously unselected package teckit.
2025-03-16T22:44:46.5517425Z Preparing to unpack .../061-teckit_2.5.11+ds1-1_amd64.deb ...
2025-03-16T22:44:46.5529192Z Unpacking teckit (2.5.11+ds1-1) ...
2025-03-16T22:44:46.5814296Z Selecting previously unselected package tipa.
2025-03-16T22:44:46.6009166Z Preparing to unpack .../062-tipa_2%3a1.3-21_all.deb ...
2025-03-16T22:44:46.6085498Z Unpacking tipa (2:1.3-21) ...
2025-03-16T22:44:46.8518391Z Selecting previously unselected package texlive-xetex.
2025-03-16T22:44:46.8714720Z Preparing to unpack .../063-texlive-xetex_2021.20220204-1_all.deb ...
2025-03-16T22:44:46.8791854Z Unpacking texlive-xetex (2021.20220204-1) ...
2025-03-16T22:44:47.5358285Z Selecting previously unselected package texlive-formats-extra.
2025-03-16T22:44:47.5558935Z Preparing to unpack .../064-texlive-formats-extra_2021.20220204-1_all.deb ...
2025-03-16T22:44:47.5672324Z Unpacking texlive-formats-extra (2021.20220204-1) ...
2025-03-16T22:44:47.9278924Z Selecting previously unselected package lynx-common.
2025-03-16T22:44:47.9480924Z Preparing to unpack .../065-lynx-common_2.9.0dev.10-1_all.deb ...
2025-03-16T22:44:47.9506038Z Unpacking lynx-common (2.9.0dev.10-1) ...
2025-03-16T22:44:48.0077157Z Selecting previously unselected package lynx.
2025-03-16T22:44:48.0275749Z Preparing to unpack .../066-lynx_2.9.0dev.10-1_amd64.deb ...
2025-03-16T22:44:48.0292862Z Unpacking lynx (2.9.0dev.10-1) ...
2025-03-16T22:44:48.0667834Z Selecting previously unselected package libsgmls-perl.
2025-03-16T22:44:48.0865522Z Preparing to unpack .../067-libsgmls-perl_1.03ii-36_all.deb ...
2025-03-16T22:44:48.0874116Z Unpacking libsgmls-perl (1.03ii-36) ...
2025-03-16T22:44:48.1133968Z Selecting previously unselected package sgmlspl.
2025-03-16T22:44:48.1331699Z Preparing to unpack .../068-sgmlspl_1.03ii-36_all.deb ...
2025-03-16T22:44:48.1344229Z Unpacking sgmlspl (1.03ii-36) ...
2025-03-16T22:44:48.1582439Z Selecting previously unselected package opensp.
2025-03-16T22:44:48.1791946Z Preparing to unpack .../069-opensp_1.5.2-13ubuntu3_amd64.deb ...
2025-03-16T22:44:48.1804486Z Unpacking opensp (1.5.2-13ubuntu3) ...
2025-03-16T22:44:48.2156953Z Selecting previously unselected package docbook-utils.
2025-03-16T22:44:48.2353785Z Preparing to unpack .../070-docbook-utils_0.6.14-4_all.deb ...
2025-03-16T22:44:48.2366459Z Unpacking docbook-utils (0.6.14-4) ...
2025-03-16T22:44:48.2767397Z Selecting previously unselected package asciidoc-dblatex.
2025-03-16T22:44:48.2963574Z Preparing to unpack .../071-asciidoc-dblatex_10.1.2-1_all.deb ...
2025-03-16T22:44:48.2977512Z Unpacking asciidoc-dblatex (10.1.2-1) ...
2025-03-16T22:44:48.3212439Z Selecting previously unselected package autopoint.
2025-03-16T22:44:48.3408465Z Preparing to unpack .../072-autopoint_0.21-4ubuntu4_all.deb ...
2025-03-16T22:44:48.3420997Z Unpacking autopoint (0.21-4ubuntu4) ...
2025-03-16T22:44:48.3709145Z Selecting previously unselected package libhiredis0.14:amd64.
2025-03-16T22:44:48.3905324Z Preparing to unpack .../073-libhiredis0.14_0.14.1-2_amd64.deb ...
2025-03-16T22:44:48.3917865Z Unpacking libhiredis0.14:amd64 (0.14.1-2) ...
2025-03-16T22:44:48.4184360Z Selecting previously unselected package ccache.
2025-03-16T22:44:48.4380592Z Preparing to unpack .../074-ccache_4.5.1-1_amd64.deb ...
2025-03-16T22:44:48.4391363Z Unpacking ccache (4.5.1-1) ...
2025-03-16T22:44:48.4701951Z Selecting previously unselected package libjsoncpp25:amd64.
2025-03-16T22:44:48.4896449Z Preparing to unpack .../075-libjsoncpp25_1.9.5-3_amd64.deb ...
2025-03-16T22:44:48.4906318Z Unpacking libjsoncpp25:amd64 (1.9.5-3) ...
2025-03-16T22:44:48.5180071Z Selecting previously unselected package librhash0:amd64.
2025-03-16T22:44:48.5374630Z Preparing to unpack .../076-librhash0_1.4.2-1ubuntu1_amd64.deb ...
2025-03-16T22:44:48.5383477Z Unpacking librhash0:amd64 (1.4.2-1ubuntu1) ...
2025-03-16T22:44:48.5622109Z Selecting previously unselected package dh-elpa-helper.
2025-03-16T22:44:48.5816020Z Preparing to unpack .../077-dh-elpa-helper_2.0.9ubuntu1_all.deb ...
2025-03-16T22:44:48.5825096Z Unpacking dh-elpa-helper (2.0.9ubuntu1) ...
2025-03-16T22:44:48.6088247Z Selecting previously unselected package cmake-data.
2025-03-16T22:44:48.6280620Z Preparing to unpack .../078-cmake-data_3.22.1-1ubuntu1.22.04.2_all.deb ...
2025-03-16T22:44:48.6353430Z Unpacking cmake-data (3.22.1-1ubuntu1.22.04.2) ...
2025-03-16T22:44:49.1218870Z Selecting previously unselected package cmake.
2025-03-16T22:44:49.1428033Z Preparing to unpack .../079-cmake_3.22.1-1ubuntu1.22.04.2_amd64.deb ...
2025-03-16T22:44:49.1436386Z Unpacking cmake (3.22.1-1ubuntu1.22.04.2) ...
2025-03-16T22:44:49.2622260Z Selecting previously unselected package dblatex-doc.
2025-03-16T22:44:49.2821935Z Preparing to unpack .../080-dblatex-doc_0.3.12py3-1_all.deb ...
2025-03-16T22:44:49.2830259Z Unpacking dblatex-doc (0.3.12py3-1) ...
2025-03-16T22:44:49.3986508Z Selecting previously unselected package fonts-urw-base35.
2025-03-16T22:44:49.4187644Z Preparing to unpack .../081-fonts-urw-base35_20200910-1_all.deb ...
2025-03-16T22:44:49.4732867Z Unpacking fonts-urw-base35 (20200910-1) ...
2025-03-16T22:44:49.7718418Z Selecting previously unselected package libgs9-common.
2025-03-16T22:44:49.7919124Z Preparing to unpack .../082-libgs9-common_9.55.0~dfsg1-0ubuntu5.10_all.deb ...
2025-03-16T22:44:49.7927639Z Unpacking libgs9-common (9.55.0~dfsg1-0ubuntu5.10) ...
2025-03-16T22:44:49.8712619Z Selecting previously unselected package libidn12:amd64.
2025-03-16T22:44:49.8915566Z Preparing to unpack .../083-libidn12_1.38-4ubuntu1_amd64.deb ...
2025-03-16T22:44:49.8926034Z Unpacking libidn12:amd64 (1.38-4ubuntu1) ...
2025-03-16T22:44:49.9181137Z Selecting previously unselected package libijs-0.35:amd64.
2025-03-16T22:44:49.9381123Z Preparing to unpack .../084-libijs-0.35_0.35-15build2_amd64.deb ...
2025-03-16T22:44:49.9414795Z Unpacking libijs-0.35:amd64 (0.35-15build2) ...
2025-03-16T22:44:49.9659990Z Selecting previously unselected package libjbig2dec0:amd64.
2025-03-16T22:44:49.9859880Z Preparing to unpack .../085-libjbig2dec0_0.19-3build2_amd64.deb ...
2025-03-16T22:44:49.9868767Z Unpacking libjbig2dec0:amd64 (0.19-3build2) ...
2025-03-16T22:44:50.0139195Z Selecting previously unselected package libgs9:amd64.
2025-03-16T22:44:50.0342242Z Preparing to unpack .../086-libgs9_9.55.0~dfsg1-0ubuntu5.10_amd64.deb ...
2025-03-16T22:44:50.0353545Z Unpacking libgs9:amd64 (9.55.0~dfsg1-0ubuntu5.10) ...
2025-03-16T22:44:50.1520327Z Selecting previously unselected package libwoff1:amd64.
2025-03-16T22:44:50.1720437Z Preparing to unpack .../087-libwoff1_1.0.2-1build4_amd64.deb ...
2025-03-16T22:44:50.1730002Z Unpacking libwoff1:amd64 (1.0.2-1build4) ...
2025-03-16T22:44:50.1968069Z Selecting previously unselected package dvisvgm.
2025-03-16T22:44:50.2167057Z Preparing to unpack .../088-dvisvgm_2.13.1-1_amd64.deb ...
2025-03-16T22:44:50.2176098Z Unpacking dvisvgm (2.13.1-1) ...
2025-03-16T22:44:50.2567366Z Selecting previously unselected package fonts-noto-mono.
2025-03-16T22:44:50.2767036Z Preparing to unpack .../089-fonts-noto-mono_20201225-1build1_all.deb ...
2025-03-16T22:44:50.2775871Z Unpacking fonts-noto-mono (20201225-1build1) ...
2025-03-16T22:44:50.3294449Z Selecting previously unselected package fonts-texgyre.
2025-03-16T22:44:50.3494741Z Preparing to unpack .../090-fonts-texgyre_20180621-3.1_all.deb ...
2025-03-16T22:44:50.3568307Z Unpacking fonts-texgyre (20180621-3.1) ...
2025-03-16T22:44:50.9476047Z Selecting previously unselected package libc6-dev-i386.
2025-03-16T22:44:50.9676558Z Preparing to unpack .../091-libc6-dev-i386_2.35-0ubuntu3.9_amd64.deb ...
2025-03-16T22:44:50.9686465Z Unpacking libc6-dev-i386 (2.35-0ubuntu3.9) ...
2025-03-16T22:44:51.0291186Z Selecting previously unselected package libc6-x32.
2025-03-16T22:44:51.0491677Z Preparing to unpack .../092-libc6-x32_2.35-0ubuntu3.9_amd64.deb ...
2025-03-16T22:44:51.0503448Z Unpacking libc6-x32 (2.35-0ubuntu3.9) ...
2025-03-16T22:44:51.1499851Z Selecting previously unselected package libc6-dev-x32.
2025-03-16T22:44:51.1700379Z Preparing to unpack .../093-libc6-dev-x32_2.35-0ubuntu3.9_amd64.deb ...
2025-03-16T22:44:51.1714093Z Unpacking libc6-dev-x32 (2.35-0ubuntu3.9) ...
2025-03-16T22:44:51.2243263Z Selecting previously unselected package libx32gcc-s1.
2025-03-16T22:44:51.2443349Z Preparing to unpack .../094-libx32gcc-s1_12.3.0-1ubuntu1~22.04_amd64.deb ...
2025-03-16T22:44:51.2454222Z Unpacking libx32gcc-s1 (12.3.0-1ubuntu1~22.04) ...
2025-03-16T22:44:51.2722860Z Selecting previously unselected package lib32gomp1.
2025-03-16T22:44:51.2922115Z Preparing to unpack .../095-lib32gomp1_12.3.0-1ubuntu1~22.04_amd64.deb ...
2025-03-16T22:44:51.2933794Z Unpacking lib32gomp1 (12.3.0-1ubuntu1~22.04) ...
2025-03-16T22:44:51.3201770Z Selecting previously unselected package libx32gomp1.
2025-03-16T22:44:51.3400837Z Preparing to unpack .../096-libx32gomp1_12.3.0-1ubuntu1~22.04_amd64.deb ...
2025-03-16T22:44:51.3416393Z Unpacking libx32gomp1 (12.3.0-1ubuntu1~22.04) ...
2025-03-16T22:44:51.3769644Z Selecting previously unselected package lib32itm1.
2025-03-16T22:44:51.3967835Z Preparing to unpack .../097-lib32itm1_12.3.0-1ubuntu1~22.04_amd64.deb ...
2025-03-16T22:44:51.3977991Z Unpacking lib32itm1 (12.3.0-1ubuntu1~22.04) ...
2025-03-16T22:44:51.4237558Z Selecting previously unselected package libx32itm1.
2025-03-16T22:44:51.4434325Z Preparing to unpack .../098-libx32itm1_12.3.0-1ubuntu1~22.04_amd64.deb ...
2025-03-16T22:44:51.4450440Z Unpacking libx32itm1 (12.3.0-1ubuntu1~22.04) ...
2025-03-16T22:44:51.4697583Z Selecting previously unselected package lib32atomic1.
2025-03-16T22:44:51.4888419Z Preparing to unpack .../099-lib32atomic1_12.3.0-1ubuntu1~22.04_amd64.deb ...
2025-03-16T22:44:51.4900656Z Unpacking lib32atomic1 (12.3.0-1ubuntu1~22.04) ...
2025-03-16T22:44:51.5145530Z Selecting previously unselected package libx32atomic1.
2025-03-16T22:44:51.5337256Z Preparing to unpack .../100-libx32atomic1_12.3.0-1ubuntu1~22.04_amd64.deb ...
2025-03-16T22:44:51.5346133Z Unpacking libx32atomic1 (12.3.0-1ubuntu1~22.04) ...
2025-03-16T22:44:51.5595970Z Selecting previously unselected package lib32asan6.
2025-03-16T22:44:51.5786628Z Preparing to unpack .../101-lib32asan6_11.4.0-1ubuntu1~22.04_amd64.deb ...
2025-03-16T22:44:51.5796684Z Unpacking lib32asan6 (11.4.0-1ubuntu1~22.04) ...
2025-03-16T22:44:51.6362660Z Selecting previously unselected package libx32asan6.
2025-03-16T22:44:51.6561103Z Preparing to unpack .../102-libx32asan6_11.4.0-1ubuntu1~22.04_amd64.deb ...
2025-03-16T22:44:51.6570615Z Unpacking libx32asan6 (11.4.0-1ubuntu1~22.04) ...
2025-03-16T22:44:51.7124616Z Selecting previously unselected package lib32ubsan1.
2025-03-16T22:44:51.7324558Z Preparing to unpack .../103-lib32ubsan1_12.3.0-1ubuntu1~22.04_amd64.deb ...
2025-03-16T22:44:51.7336839Z Unpacking lib32ubsan1 (12.3.0-1ubuntu1~22.04) ...
2025-03-16T22:44:51.7718360Z Selecting previously unselected package libx32stdc++6.
2025-03-16T22:44:51.7916519Z Preparing to unpack .../104-libx32stdc++6_12.3.0-1ubuntu1~22.04_amd64.deb ...
2025-03-16T22:44:51.7926788Z Unpacking libx32stdc++6 (12.3.0-1ubuntu1~22.04) ...
2025-03-16T22:44:51.8281369Z Selecting previously unselected package libx32ubsan1.
2025-03-16T22:44:51.8479771Z Preparing to unpack .../105-libx32ubsan1_12.3.0-1ubuntu1~22.04_amd64.deb ...
2025-03-16T22:44:51.8497116Z Unpacking libx32ubsan1 (12.3.0-1ubuntu1~22.04) ...
2025-03-16T22:44:51.8874362Z Selecting previously unselected package lib32quadmath0.
2025-03-16T22:44:51.9073568Z Preparing to unpack .../106-lib32quadmath0_12.3.0-1ubuntu1~22.04_amd64.deb ...
2025-03-16T22:44:51.9085477Z Unpacking lib32quadmath0 (12.3.0-1ubuntu1~22.04) ...
2025-03-16T22:44:51.9381318Z Selecting previously unselected package libx32quadmath0.
2025-03-16T22:44:51.9579525Z Preparing to unpack .../107-libx32quadmath0_12.3.0-1ubuntu1~22.04_amd64.deb ...
2025-03-16T22:44:51.9597192Z Unpacking libx32quadmath0 (12.3.0-1ubuntu1~22.04) ...
2025-03-16T22:44:51.9860534Z Selecting previously unselected package lib32gcc-11-dev.
2025-03-16T22:44:52.0056777Z Preparing to unpack .../108-lib32gcc-11-dev_11.4.0-1ubuntu1~22.04_amd64.deb ...
2025-03-16T22:44:52.0070293Z Unpacking lib32gcc-11-dev (11.4.0-1ubuntu1~22.04) ...
2025-03-16T22:44:52.0632354Z Selecting previously unselected package libx32gcc-11-dev.
2025-03-16T22:44:52.0832075Z Preparing to unpack .../109-libx32gcc-11-dev_11.4.0-1ubuntu1~22.04_amd64.deb ...
2025-03-16T22:44:52.0844556Z Unpacking libx32gcc-11-dev (11.4.0-1ubuntu1~22.04) ...
2025-03-16T22:44:52.1343941Z Selecting previously unselected package gcc-11-multilib.
2025-03-16T22:44:52.1543897Z Preparing to unpack .../110-gcc-11-multilib_11.4.0-1ubuntu1~22.04_amd64.deb ...
2025-03-16T22:44:52.1556740Z Unpacking gcc-11-multilib (11.4.0-1ubuntu1~22.04) ...
2025-03-16T22:44:52.1806245Z Selecting previously unselected package lib32stdc++-11-dev.
2025-03-16T22:44:52.2005775Z Preparing to unpack .../111-lib32stdc++-11-dev_11.4.0-1ubuntu1~22.04_amd64.deb ...
2025-03-16T22:44:52.2015512Z Unpacking lib32stdc++-11-dev (11.4.0-1ubuntu1~22.04) ...
2025-03-16T22:44:52.2643109Z Selecting previously unselected package libx32stdc++-11-dev.
2025-03-16T22:44:52.2843585Z Preparing to unpack .../112-libx32stdc++-11-dev_11.4.0-1ubuntu1~22.04_amd64.deb ...
2025-03-16T22:44:52.2855458Z Unpacking libx32stdc++-11-dev (11.4.0-1ubuntu1~22.04) ...
2025-03-16T22:44:52.3488176Z Selecting previously unselected package g++-11-multilib.
2025-03-16T22:44:52.3688660Z Preparing to unpack .../113-g++-11-multilib_11.4.0-1ubuntu1~22.04_amd64.deb ...
2025-03-16T22:44:52.3705435Z Unpacking g++-11-multilib (11.4.0-1ubuntu1~22.04) ...
2025-03-16T22:44:52.3952190Z Selecting previously unselected package gcc-multilib.
2025-03-16T22:44:52.4152016Z Preparing to unpack .../114-gcc-multilib_4%3a11.2.0-1ubuntu1_amd64.deb ...
2025-03-16T22:44:52.4164355Z Unpacking gcc-multilib (4:11.2.0-1ubuntu1) ...
2025-03-16T22:44:52.4407031Z Selecting previously unselected package g++-multilib.
2025-03-16T22:44:52.4606432Z Preparing to unpack .../115-g++-multilib_4%3a11.2.0-1ubuntu1_amd64.deb ...
2025-03-16T22:44:52.4628848Z Unpacking g++-multilib (4:11.2.0-1ubuntu1) ...
2025-03-16T22:44:52.4889964Z Selecting previously unselected package genisoimage.
2025-03-16T22:44:52.5087968Z Preparing to unpack .../116-genisoimage_9%3a1.1.11-3.2ubuntu1_amd64.deb ...
2025-03-16T22:44:52.5102603Z Unpacking genisoimage (9:1.1.11-3.2ubuntu1) ...
2025-03-16T22:44:52.5470883Z Selecting previously unselected package gettext.
2025-03-16T22:44:52.5669679Z Preparing to unpack .../117-gettext_0.21-4ubuntu4_amd64.deb ...
2025-03-16T22:44:52.5680698Z Unpacking gettext (0.21-4ubuntu4) ...
2025-03-16T22:44:52.6169382Z Selecting previously unselected package ghostscript.
2025-03-16T22:44:52.6368442Z Preparing to unpack .../118-ghostscript_9.55.0~dfsg1-0ubuntu5.10_amd64.deb ...
2025-03-16T22:44:52.6379007Z Unpacking ghostscript (9.55.0~dfsg1-0ubuntu5.10) ...
2025-03-16T22:44:52.6760160Z Selecting previously unselected package gperf.
2025-03-16T22:44:52.6957231Z Preparing to unpack .../119-gperf_3.1-1build1_amd64.deb ...
2025-03-16T22:44:52.6968841Z Unpacking gperf (3.1-1build1) ...
2025-03-16T22:44:52.7280781Z Selecting previously unselected package gsasl-common.
2025-03-16T22:44:52.7476101Z Preparing to unpack .../120-gsasl-common_1.10.0-5_all.deb ...
2025-03-16T22:44:52.7487390Z Unpacking gsasl-common (1.10.0-5) ...
2025-03-16T22:44:52.7881081Z Selecting previously unselected package help2man.
2025-03-16T22:44:52.8077065Z Preparing to unpack .../121-help2man_1.49.1_amd64.deb ...
2025-03-16T22:44:52.8090219Z Unpacking help2man (1.49.1) ...
2025-03-16T22:44:52.8547585Z Selecting previously unselected package libnl-route-3-200:amd64.
2025-03-16T22:44:52.8743063Z Preparing to unpack .../122-libnl-route-3-200_3.5.0-0.1_amd64.deb ...
2025-03-16T22:44:52.8771516Z Unpacking libnl-route-3-200:amd64 (3.5.0-0.1) ...
2025-03-16T22:44:52.9102395Z Selecting previously unselected package libibverbs1:amd64.
2025-03-16T22:44:52.9294865Z Preparing to unpack .../123-libibverbs1_39.0-1_amd64.deb ...
2025-03-16T22:44:52.9307284Z Unpacking libibverbs1:amd64 (39.0-1) ...
2025-03-16T22:44:52.9620534Z Selecting previously unselected package ibverbs-providers:amd64.
2025-03-16T22:44:52.9824263Z Preparing to unpack .../124-ibverbs-providers_39.0-1_amd64.deb ...
2025-03-16T22:44:52.9971397Z Unpacking ibverbs-providers:amd64 (39.0-1) ...
2025-03-16T22:44:53.0326614Z Selecting previously unselected package libfile-listing-perl.
2025-03-16T22:44:53.0524878Z Preparing to unpack .../125-libfile-listing-perl_6.14-1_all.deb ...
2025-03-16T22:44:53.0542172Z Unpacking libfile-listing-perl (6.14-1) ...
2025-03-16T22:44:53.0807513Z Selecting previously unselected package libhtml-tree-perl.
2025-03-16T22:44:53.1001139Z Preparing to unpack .../126-libhtml-tree-perl_5.07-2_all.deb ...
2025-03-16T22:44:53.1011368Z Unpacking libhtml-tree-perl (5.07-2) ...
2025-03-16T22:44:53.1388677Z Selecting previously unselected package libhttp-cookies-perl.
2025-03-16T22:44:53.1584117Z Preparing to unpack .../127-libhttp-cookies-perl_6.10-1_all.deb ...
2025-03-16T22:44:53.1596983Z Unpacking libhttp-cookies-perl (6.10-1) ...
2025-03-16T22:44:53.1847065Z Selecting previously unselected package libhttp-negotiate-perl.
2025-03-16T22:44:53.2046487Z Preparing to unpack .../128-libhttp-negotiate-perl_6.01-1_all.deb ...
2025-03-16T22:44:53.2061300Z Unpacking libhttp-negotiate-perl (6.01-1) ...
2025-03-16T22:44:53.2320997Z Selecting previously unselected package perl-openssl-defaults:amd64.
2025-03-16T22:44:53.2515836Z Preparing to unpack .../129-perl-openssl-defaults_5build2_amd64.deb ...
2025-03-16T22:44:53.2528412Z Unpacking perl-openssl-defaults:amd64 (5build2) ...
2025-03-16T22:44:53.2786834Z Selecting previously unselected package libnet-ssleay-perl:amd64.
2025-03-16T22:44:53.2982918Z Preparing to unpack .../130-libnet-ssleay-perl_1.92-1build2_amd64.deb ...
2025-03-16T22:44:53.2994446Z Unpacking libnet-ssleay-perl:amd64 (1.92-1build2) ...
2025-03-16T22:44:53.3433398Z Selecting previously unselected package libio-socket-ssl-perl.
2025-03-16T22:44:53.3631165Z Preparing to unpack .../131-libio-socket-ssl-perl_2.074-2_all.deb ...
2025-03-16T22:44:53.3646506Z Unpacking libio-socket-ssl-perl (2.074-2) ...
2025-03-16T22:44:53.3960858Z Selecting previously unselected package libnet-http-perl.
2025-03-16T22:44:53.4157394Z Preparing to unpack .../132-libnet-http-perl_6.22-1_all.deb ...
2025-03-16T22:44:53.4167207Z Unpacking libnet-http-perl (6.22-1) ...
2025-03-16T22:44:53.4421459Z Selecting previously unselected package liblwp-protocol-https-perl.
2025-03-16T22:44:53.4614779Z Preparing to unpack .../133-liblwp-protocol-https-perl_6.10-1_all.deb ...
2025-03-16T22:44:53.4626533Z Unpacking liblwp-protocol-https-perl (6.10-1) ...
2025-03-16T22:44:53.4879085Z Selecting previously unselected package libtry-tiny-perl.
2025-03-16T22:44:53.5071893Z Preparing to unpack .../134-libtry-tiny-perl_0.31-1_all.deb ...
2025-03-16T22:44:53.5084408Z Unpacking libtry-tiny-perl (0.31-1) ...
2025-03-16T22:44:53.5349522Z Selecting previously unselected package libwww-robotrules-perl.
2025-03-16T22:44:53.5544985Z Preparing to unpack .../135-libwww-robotrules-perl_6.02-1_all.deb ...
2025-03-16T22:44:53.5559908Z Unpacking libwww-robotrules-perl (6.02-1) ...
2025-03-16T22:44:53.5818027Z Selecting previously unselected package libwww-perl.
2025-03-16T22:44:53.6013172Z Preparing to unpack .../136-libwww-perl_6.61-1_all.deb ...
2025-03-16T22:44:53.6025027Z Unpacking libwww-perl (6.61-1) ...
2025-03-16T22:44:53.6374318Z Selecting previously unselected package libxml-parser-perl:amd64.
2025-03-16T22:44:53.6570640Z Preparing to unpack .../137-libxml-parser-perl_2.46-3build1_amd64.deb ...
2025-03-16T22:44:53.6580832Z Unpacking libxml-parser-perl:amd64 (2.46-3build1) ...
2025-03-16T22:44:53.6963893Z Selecting previously unselected package intltool.
2025-03-16T22:44:53.7162687Z Preparing to unpack .../138-intltool_0.51.0-6_all.deb ...
2025-03-16T22:44:53.7172446Z Unpacking intltool (0.51.0-6) ...
2025-03-16T22:44:53.7536741Z Selecting previously unselected package libalgorithm-c3-perl.
2025-03-16T22:44:53.7736153Z Preparing to unpack .../139-libalgorithm-c3-perl_0.11-1_all.deb ...
2025-03-16T22:44:53.7750544Z Unpacking libalgorithm-c3-perl (0.11-1) ...
2025-03-16T22:44:53.7994846Z Selecting previously unselected package libantlr-java.
2025-03-16T22:44:53.8193120Z Preparing to unpack .../140-libantlr-java_2.7.7+dfsg-12_all.deb ...
2025-03-16T22:44:53.8204866Z Unpacking libantlr-java (2.7.7+dfsg-12) ...
2025-03-16T22:44:53.8467915Z Selecting previously unselected package libb-hooks-op-check-perl.
2025-03-16T22:44:53.8664999Z Preparing to unpack .../141-libb-hooks-op-check-perl_0.22-1build5_amd64.deb ...
2025-03-16T22:44:53.8677361Z Unpacking libb-hooks-op-check-perl (0.22-1build5) ...
2025-03-16T22:44:53.8932069Z Selecting previously unselected package libdynaloader-functions-perl.
2025-03-16T22:44:53.9128795Z Preparing to unpack .../142-libdynaloader-functions-perl_0.003-1.1_all.deb ...
2025-03-16T22:44:53.9140758Z Unpacking libdynaloader-functions-perl (0.003-1.1) ...
2025-03-16T22:44:53.9380837Z Selecting previously unselected package libdevel-callchecker-perl.
2025-03-16T22:44:53.9576084Z Preparing to unpack .../143-libdevel-callchecker-perl_0.008-1ubuntu4_amd64.deb ...
2025-03-16T22:44:53.9584997Z Unpacking libdevel-callchecker-perl (0.008-1ubuntu4) ...
2025-03-16T22:44:53.9835520Z Selecting previously unselected package libparams-classify-perl.
2025-03-16T22:44:54.0033054Z Preparing to unpack .../144-libparams-classify-perl_0.015-1build5_amd64.deb ...
2025-03-16T22:44:54.0042376Z Unpacking libparams-classify-perl (0.015-1build5) ...
2025-03-16T22:44:54.0287691Z Selecting previously unselected package libmodule-runtime-perl.
2025-03-16T22:44:54.0481788Z Preparing to unpack .../145-libmodule-runtime-perl_0.016-1_all.deb ...
2025-03-16T22:44:54.0499927Z Unpacking libmodule-runtime-perl (0.016-1) ...
2025-03-16T22:44:54.0762982Z Selecting previously unselected package libmodule-implementation-perl.
2025-03-16T22:44:54.0956194Z Preparing to unpack .../146-libmodule-implementation-perl_0.09-1.1_all.deb ...
2025-03-16T22:44:54.0965823Z Unpacking libmodule-implementation-perl (0.09-1.1) ...
2025-03-16T22:44:54.1206179Z Selecting previously unselected package libsub-exporter-progressive-perl.
2025-03-16T22:44:54.1399021Z Preparing to unpack .../147-libsub-exporter-progressive-perl_0.001013-1_all.deb ...
2025-03-16T22:44:54.1411946Z Unpacking libsub-exporter-progressive-perl (0.001013-1) ...
2025-03-16T22:44:54.1667407Z Selecting previously unselected package libvariable-magic-perl.
2025-03-16T22:44:54.1860891Z Preparing to unpack .../148-libvariable-magic-perl_0.62-1build5_amd64.deb ...
2025-03-16T22:44:54.1871458Z Unpacking libvariable-magic-perl (0.62-1build5) ...
2025-03-16T22:44:54.2148256Z Selecting previously unselected package libb-hooks-endofscope-perl.
2025-03-16T22:44:54.2343249Z Preparing to unpack .../149-libb-hooks-endofscope-perl_0.25-1_all.deb ...
2025-03-16T22:44:54.2360615Z Unpacking libb-hooks-endofscope-perl (0.25-1) ...
2025-03-16T22:44:54.2647773Z Selecting previously unselected package libboost-iostreams1.74.0:amd64.
2025-03-16T22:44:54.2840106Z Preparing to unpack .../150-libboost-iostreams1.74.0_1.74.0-14ubuntu3_amd64.deb ...
2025-03-16T22:44:54.2851505Z Unpacking libboost-iostreams1.74.0:amd64 (1.74.0-14ubuntu3) ...
2025-03-16T22:44:54.3197389Z Selecting previously unselected package libboost-thread1.74.0:amd64.
2025-03-16T22:44:54.3392396Z Preparing to unpack .../151-libboost-thread1.74.0_1.74.0-14ubuntu3_amd64.deb ...
2025-03-16T22:44:54.3405308Z Unpacking libboost-thread1.74.0:amd64 (1.74.0-14ubuntu3) ...
2025-03-16T22:44:54.3750925Z Selecting previously unselected package libclass-c3-perl.
2025-03-16T22:44:54.3949109Z Preparing to unpack .../152-libclass-c3-perl_0.35-1_all.deb ...
2025-03-16T22:44:54.3960047Z Unpacking libclass-c3-perl (0.35-1) ...
2025-03-16T22:44:54.4206263Z Selecting previously unselected package libclass-c3-xs-perl.
2025-03-16T22:44:54.4401692Z Preparing to unpack .../153-libclass-c3-xs-perl_0.15-1build2_amd64.deb ...
2025-03-16T22:44:54.4413591Z Unpacking libclass-c3-xs-perl (0.15-1build2) ...
2025-03-16T22:44:54.4677926Z Selecting previously unselected package libclass-data-inheritable-perl.
2025-03-16T22:44:54.4871959Z Preparing to unpack .../154-libclass-data-inheritable-perl_0.08-3_all.deb ...
2025-03-16T22:44:54.4880780Z Unpacking libclass-data-inheritable-perl (0.08-3) ...
2025-03-16T22:44:54.5120796Z Selecting previously unselected package libclass-method-modifiers-perl.
2025-03-16T22:44:54.5317842Z Preparing to unpack .../155-libclass-method-modifiers-perl_2.13-1_all.deb ...
2025-03-16T22:44:54.5326907Z Unpacking libclass-method-modifiers-perl (2.13-1) ...
2025-03-16T22:44:54.5574580Z Selecting previously unselected package libclass-xsaccessor-perl.
2025-03-16T22:44:54.5770826Z Preparing to unpack .../156-libclass-xsaccessor-perl_1.19-3build9_amd64.deb ...
2025-03-16T22:44:54.5784443Z Unpacking libclass-xsaccessor-perl (1.19-3build9) ...
2025-03-16T22:44:54.6042266Z Selecting previously unselected package libdata-dump-perl.
2025-03-16T22:44:54.6235888Z Preparing to unpack .../157-libdata-dump-perl_1.25-1_all.deb ...
2025-03-16T22:44:54.6248164Z Unpacking libdata-dump-perl (1.25-1) ...
2025-03-16T22:44:54.6495407Z Selecting previously unselected package libparams-util-perl.
2025-03-16T22:44:54.6688324Z Preparing to unpack .../158-libparams-util-perl_1.102-1build3_amd64.deb ...
2025-03-16T22:44:54.6702812Z Unpacking libparams-util-perl (1.102-1build3) ...
2025-03-16T22:44:54.6965573Z Selecting previously unselected package libsub-install-perl.
2025-03-16T22:44:54.7160780Z Preparing to unpack .../159-libsub-install-perl_0.928-1.1_all.deb ...
2025-03-16T22:44:54.7171489Z Unpacking libsub-install-perl (0.928-1.1) ...
2025-03-16T22:44:54.7424101Z Selecting previously unselected package libdata-optlist-perl.
2025-03-16T22:44:54.7617590Z Preparing to unpack .../160-libdata-optlist-perl_0.112-1_all.deb ...
2025-03-16T22:44:54.7629605Z Unpacking libdata-optlist-perl (0.112-1) ...
2025-03-16T22:44:54.7894241Z Selecting previously unselected package libdaxctl1:amd64.
2025-03-16T22:44:54.8087044Z Preparing to unpack .../161-libdaxctl1_72.1-1_amd64.deb ...
2025-03-16T22:44:54.8105030Z Unpacking libdaxctl1:amd64 (72.1-1) ...
2025-03-16T22:44:54.8343119Z Selecting previously unselected package libpadwalker-perl.
2025-03-16T22:44:54.8534630Z Preparing to unpack .../162-libpadwalker-perl_2.5-1build2_amd64.deb ...
2025-03-16T22:44:54.8546867Z Unpacking libpadwalker-perl (2.5-1build2) ...
2025-03-16T22:44:54.8794099Z Selecting previously unselected package libdevel-caller-perl.
2025-03-16T22:44:54.8986952Z Preparing to unpack .../163-libdevel-caller-perl_2.06-2build4_amd64.deb ...
2025-03-16T22:44:54.8997913Z Unpacking libdevel-caller-perl (2.06-2build4) ...
2025-03-16T22:44:54.9397336Z Selecting previously unselected package libdevel-globaldestruction-perl.
2025-03-16T22:44:54.9595351Z Preparing to unpack .../164-libdevel-globaldestruction-perl_0.14-1.1_all.deb ...
2025-03-16T22:44:54.9607421Z Unpacking libdevel-globaldestruction-perl (0.14-1.1) ...
2025-03-16T22:44:54.9866523Z Selecting previously unselected package libdevel-lexalias-perl.
2025-03-16T22:44:55.0066578Z Preparing to unpack .../165-libdevel-lexalias-perl_0.05-2build4_amd64.deb ...
2025-03-16T22:44:55.0076060Z Unpacking libdevel-lexalias-perl (0.05-2build4) ...
2025-03-16T22:44:55.0326748Z Selecting previously unselected package libdevel-stacktrace-perl.
2025-03-16T22:44:55.0521358Z Preparing to unpack .../166-libdevel-stacktrace-perl_2.0400-1_all.deb ...
2025-03-16T22:44:55.0532375Z Unpacking libdevel-stacktrace-perl (2.0400-1) ...
2025-03-16T22:44:55.0784696Z Selecting previously unselected package libdist-checkconflicts-perl.
2025-03-16T22:44:55.0977809Z Preparing to unpack .../167-libdist-checkconflicts-perl_0.11-1.1_all.deb ...
2025-03-16T22:44:55.0988376Z Unpacking libdist-checkconflicts-perl (0.11-1.1) ...
2025-03-16T22:44:55.1227533Z Selecting previously unselected package libelf-dev:amd64.
2025-03-16T22:44:55.1420288Z Preparing to unpack .../168-libelf-dev_0.186-1build1_amd64.deb ...
2025-03-16T22:44:55.1432719Z Unpacking libelf-dev:amd64 (0.186-1build1) ...
2025-03-16T22:44:55.1707392Z Selecting previously unselected package libemail-date-format-perl.
2025-03-16T22:44:55.1900440Z Preparing to unpack .../169-libemail-date-format-perl_1.005-1.1_all.deb ...
2025-03-16T22:44:55.1910613Z Unpacking libemail-date-format-perl (1.005-1.1) ...
2025-03-16T22:44:55.2164501Z Selecting previously unselected package libsub-exporter-perl.
2025-03-16T22:44:55.2355381Z Preparing to unpack .../170-libsub-exporter-perl_0.988-1_all.deb ...
2025-03-16T22:44:55.2369977Z Unpacking libsub-exporter-perl (0.988-1) ...
2025-03-16T22:44:55.2633088Z Selecting previously unselected package libeval-closure-perl.
2025-03-16T22:44:55.2824152Z Preparing to unpack .../171-libeval-closure-perl_0.14-1_all.deb ...
2025-03-16T22:44:55.2839246Z Unpacking libeval-closure-perl (0.14-1) ...
2025-03-16T22:44:55.3089311Z Selecting previously unselected package libexception-class-perl.
2025-03-16T22:44:55.3283205Z Preparing to unpack .../172-libexception-class-perl_1.45-1_all.deb ...
2025-03-16T22:44:55.3294545Z Unpacking libexception-class-perl (1.45-1) ...
2025-03-16T22:44:55.3558771Z Selecting previously unselected package libfile-which-perl.
2025-03-16T22:44:55.3750333Z Preparing to unpack .../173-libfile-which-perl_1.23-1_all.deb ...
2025-03-16T22:44:55.3761775Z Unpacking libfile-which-perl (1.23-1) ...
2025-03-16T22:44:55.4016358Z Selecting previously unselected package libfile-homedir-perl.
2025-03-16T22:44:55.4208024Z Preparing to unpack .../174-libfile-homedir-perl_1.006-1_all.deb ...
2025-03-16T22:44:55.4217690Z Unpacking libfile-homedir-perl (1.006-1) ...
2025-03-16T22:44:55.4487045Z Selecting previously unselected package libfont-afm-perl.
2025-03-16T22:44:55.4679273Z Preparing to unpack .../175-libfont-afm-perl_1.20-3_all.deb ...
2025-03-16T22:44:55.4689208Z Unpacking libfont-afm-perl (1.20-3) ...
2025-03-16T22:44:55.4960676Z Selecting previously unselected package libfuse2:amd64.
2025-03-16T22:44:55.5151999Z Preparing to unpack .../176-libfuse2_2.9.9-5ubuntu3_amd64.deb ...
2025-03-16T22:44:55.5163390Z Unpacking libfuse2:amd64 (2.9.9-5ubuntu3) ...
2025-03-16T22:44:55.5431604Z Selecting previously unselected package libfuse-dev:amd64.
2025-03-16T22:44:55.5624581Z Preparing to unpack .../177-libfuse-dev_2.9.9-5ubuntu3_amd64.deb ...
2025-03-16T22:44:55.5635256Z Unpacking libfuse-dev:amd64 (2.9.9-5ubuntu3) ...
2025-03-16T22:44:55.6303793Z Selecting previously unselected package libgfxdr0:amd64.
2025-03-16T22:44:55.6505742Z Preparing to unpack .../178-libgfxdr0_10.1-1ubuntu0.2_amd64.deb ...
2025-03-16T22:44:55.6515493Z Unpacking libgfxdr0:amd64 (10.1-1ubuntu0.2) ...
2025-03-16T22:44:55.6786257Z Selecting previously unselected package libglusterfs0:amd64.
2025-03-16T22:44:55.6989772Z Preparing to unpack .../179-libglusterfs0_10.1-1ubuntu0.2_amd64.deb ...
2025-03-16T22:44:55.7000748Z Unpacking libglusterfs0:amd64 (10.1-1ubuntu0.2) ...
2025-03-16T22:44:55.7299676Z Selecting previously unselected package libgfrpc0:amd64.
2025-03-16T22:44:55.7500783Z Preparing to unpack .../180-libgfrpc0_10.1-1ubuntu0.2_amd64.deb ...
2025-03-16T22:44:55.7511080Z Unpacking libgfrpc0:amd64 (10.1-1ubuntu0.2) ...
2025-03-16T22:44:55.7766296Z Selecting previously unselected package libgfapi0:amd64.
2025-03-16T22:44:55.7962971Z Preparing to unpack .../181-libgfapi0_10.1-1ubuntu0.2_amd64.deb ...
2025-03-16T22:44:55.7972498Z Unpacking libgfapi0:amd64 (10.1-1ubuntu0.2) ...
2025-03-16T22:44:55.8213028Z Selecting previously unselected package libgmp3-dev:amd64.
2025-03-16T22:44:55.8409362Z Preparing to unpack .../182-libgmp3-dev_2%3a6.2.1+dfsg-3ubuntu1_amd64.deb ...
2025-03-16T22:44:55.8421111Z Unpacking libgmp3-dev:amd64 (2:6.2.1+dfsg-3ubuntu1) ...
2025-03-16T22:44:55.8667187Z Selecting previously unselected package libntlm0:amd64.
2025-03-16T22:44:55.8863260Z Preparing to unpack .../183-libntlm0_1.6-4_amd64.deb ...
2025-03-16T22:44:55.8874453Z Unpacking libntlm0:amd64 (1.6-4) ...
2025-03-16T22:44:55.9141146Z Selecting previously unselected package libgsasl7:amd64.
2025-03-16T22:44:55.9335989Z Preparing to unpack .../184-libgsasl7_1.10.0-5_amd64.deb ...
2025-03-16T22:44:55.9345399Z Unpacking libgsasl7:amd64 (1.10.0-5) ...
2025-03-16T22:44:55.9600086Z Selecting previously unselected package libhtml-form-perl.
2025-03-16T22:44:55.9795509Z Preparing to unpack .../185-libhtml-form-perl_6.07-1_all.deb ...
2025-03-16T22:44:55.9803692Z Unpacking libhtml-form-perl (6.07-1) ...
2025-03-16T22:44:56.0052807Z Selecting previously unselected package libhtml-format-perl.
2025-03-16T22:44:56.0249942Z Preparing to unpack .../186-libhtml-format-perl_2.12-1.1_all.deb ...
2025-03-16T22:44:56.0262231Z Unpacking libhtml-format-perl (2.12-1.1) ...
2025-03-16T22:44:56.0517538Z Selecting previously unselected package libhttp-daemon-perl.
2025-03-16T22:44:56.0714198Z Preparing to unpack .../187-libhttp-daemon-perl_6.13-1ubuntu0.1_all.deb ...
2025-03-16T22:44:56.0723125Z Unpacking libhttp-daemon-perl (6.13-1ubuntu0.1) ...
2025-03-16T22:44:56.0964477Z Selecting previously unselected package libstring-crc32-perl:amd64.
2025-03-16T22:44:56.1159904Z Preparing to unpack .../188-libstring-crc32-perl_2.100-1build1_amd64.deb ...
2025-03-16T22:44:56.1169356Z Unpacking libstring-crc32-perl:amd64 (2.100-1build1) ...
2025-03-16T22:44:56.1418177Z Selecting previously unselected package libipc-shareable-perl.
2025-03-16T22:44:56.1615548Z Preparing to unpack .../189-libipc-shareable-perl_1.06-2_all.deb ...
2025-03-16T22:44:56.1625767Z Unpacking libipc-shareable-perl (1.06-2) ...
2025-03-16T22:44:56.1900785Z Selecting previously unselected package librdmacm1:amd64.
2025-03-16T22:44:56.2095601Z Preparing to unpack .../190-librdmacm1_39.0-1_amd64.deb ...
2025-03-16T22:44:56.2106667Z Unpacking librdmacm1:amd64 (39.0-1) ...
2025-03-16T22:44:56.2372915Z Selecting previously unselected package libiscsi7:amd64.
2025-03-16T22:44:56.2566963Z Preparing to unpack .../191-libiscsi7_1.19.0-3build2_amd64.deb ...
2025-03-16T22:44:56.2578876Z Unpacking libiscsi7:amd64 (1.19.0-3build2) ...
2025-03-16T22:44:56.2827267Z Selecting previously unselected package libjs-highlight.js.
2025-03-16T22:44:56.3027424Z Preparing to unpack .../192-libjs-highlight.js_9.18.5+dfsg1-1_all.deb ...
2025-03-16T22:44:56.3038697Z Unpacking libjs-highlight.js (9.18.5+dfsg1-1) ...
2025-03-16T22:44:56.3637686Z Selecting previously unselected package libpackage-stash-perl.
2025-03-16T22:44:56.3838028Z Preparing to unpack .../193-libpackage-stash-perl_0.39-1_all.deb ...
2025-03-16T22:44:56.3847201Z Unpacking libpackage-stash-perl (0.39-1) ...
2025-03-16T22:44:56.4105961Z Selecting previously unselected package libsub-identify-perl.
2025-03-16T22:44:56.4307625Z Preparing to unpack .../194-libsub-identify-perl_0.14-1build5_amd64.deb ...
2025-03-16T22:44:56.4317858Z Unpacking libsub-identify-perl (0.14-1build5) ...
2025-03-16T22:44:56.4566343Z Selecting previously unselected package libsub-name-perl.
2025-03-16T22:44:56.4762292Z Preparing to unpack .../195-libsub-name-perl_0.26-1build3_amd64.deb ...
2025-03-16T22:44:56.4771330Z Unpacking libsub-name-perl (0.26-1build3) ...
2025-03-16T22:44:56.5017848Z Selecting previously unselected package libnamespace-clean-perl.
2025-03-16T22:44:56.5212246Z Preparing to unpack .../196-libnamespace-clean-perl_0.27-1_all.deb ...
2025-03-16T22:44:56.5222842Z Unpacking libnamespace-clean-perl (0.27-1) ...
2025-03-16T22:44:56.5467941Z Selecting previously unselected package libnamespace-autoclean-perl.
2025-03-16T22:44:56.5666091Z Preparing to unpack .../197-libnamespace-autoclean-perl_0.29-1_all.deb ...
2025-03-16T22:44:56.5678498Z Unpacking libnamespace-autoclean-perl (0.29-1) ...
2025-03-16T22:44:56.5918289Z Selecting previously unselected package libparams-validationcompiler-perl.
2025-03-16T22:44:56.6116086Z Preparing to unpack .../198-libparams-validationcompiler-perl_0.30-1_all.deb ...
2025-03-16T22:44:56.6127100Z Unpacking libparams-validationcompiler-perl (0.30-1) ...
2025-03-16T22:44:56.6392964Z Selecting previously unselected package libmro-compat-perl.
2025-03-16T22:44:56.6591077Z Preparing to unpack .../199-libmro-compat-perl_0.15-1_all.deb ...
2025-03-16T22:44:56.6601975Z Unpacking libmro-compat-perl (0.15-1) ...
2025-03-16T22:44:56.6887601Z Selecting previously unselected package librole-tiny-perl.
2025-03-16T22:44:56.7084444Z Preparing to unpack .../200-librole-tiny-perl_2.002004-1_all.deb ...
2025-03-16T22:44:56.7095265Z Unpacking librole-tiny-perl (2.002004-1) ...
2025-03-16T22:44:56.7336914Z Selecting previously unselected package libsub-quote-perl.
2025-03-16T22:44:56.7535398Z Preparing to unpack .../201-libsub-quote-perl_2.006006-1_all.deb ...
2025-03-16T22:44:56.7549541Z Unpacking libsub-quote-perl (2.006006-1) ...
2025-03-16T22:44:56.7810913Z Selecting previously unselected package libxstring-perl.
2025-03-16T22:44:56.8007998Z Preparing to unpack .../202-libxstring-perl_0.005-1build2_amd64.deb ...
2025-03-16T22:44:56.8019526Z Unpacking libxstring-perl (0.005-1build2) ...
2025-03-16T22:44:56.8259544Z Selecting previously unselected package libspecio-perl.
2025-03-16T22:44:56.8454664Z Preparing to unpack .../203-libspecio-perl_0.47-1_all.deb ...
2025-03-16T22:44:56.8466640Z Unpacking libspecio-perl (0.47-1) ...
2025-03-16T22:44:56.8866653Z Selecting previously unselected package liblog-dispatch-perl.
2025-03-16T22:44:56.9063688Z Preparing to unpack .../204-liblog-dispatch-perl_2.70-1_all.deb ...
2025-03-16T22:44:56.9073861Z Unpacking liblog-dispatch-perl (2.70-1) ...
2025-03-16T22:44:56.9381413Z Selecting previously unselected package liblog-log4perl-perl.
2025-03-16T22:44:56.9577389Z Preparing to unpack .../205-liblog-log4perl-perl_1.54-1_all.deb ...
2025-03-16T22:44:56.9585821Z Unpacking liblog-log4perl-perl (1.54-1) ...
2025-03-16T22:44:57.0101192Z Selecting previously unselected package libsys-hostname-long-perl.
2025-03-16T22:44:57.0299501Z Preparing to unpack .../206-libsys-hostname-long-perl_1.5-2_all.deb ...
2025-03-16T22:44:57.0311120Z Unpacking libsys-hostname-long-perl (1.5-2) ...
2025-03-16T22:44:57.0569044Z Selecting previously unselected package libmail-sendmail-perl.
2025-03-16T22:44:57.0765373Z Preparing to unpack .../207-libmail-sendmail-perl_0.80-1.1_all.deb ...
2025-03-16T22:44:57.0777016Z Unpacking libmail-sendmail-perl (0.80-1.1) ...
2025-03-16T22:44:57.1043627Z Selecting previously unselected package libnet-smtp-ssl-perl.
2025-03-16T22:44:57.1237503Z Preparing to unpack .../208-libnet-smtp-ssl-perl_1.04-1_all.deb ...
2025-03-16T22:44:57.1246643Z Unpacking libnet-smtp-ssl-perl (1.04-1) ...
2025-03-16T22:44:57.1495608Z Selecting previously unselected package libmailtools-perl.
2025-03-16T22:44:57.1689022Z Preparing to unpack .../209-libmailtools-perl_2.21-1_all.deb ...
2025-03-16T22:44:57.1700834Z Unpacking libmailtools-perl (2.21-1) ...
2025-03-16T22:44:57.2033984Z Selecting previously unselected package libmime-lite-perl.
2025-03-16T22:44:57.2230124Z Preparing to unpack .../210-libmime-lite-perl_3.033-1_all.deb ...
2025-03-16T22:44:57.2241977Z Unpacking libmime-lite-perl (3.033-1) ...
2025-03-16T22:44:57.2504516Z Selecting previously unselected package libmime-types-perl.
2025-03-16T22:44:57.2699487Z Preparing to unpack .../211-libmime-types-perl_2.22-1_all.deb ...
2025-03-16T22:44:57.2708833Z Unpacking libmime-types-perl (2.22-1) ...
2025-03-16T22:44:57.2972570Z Selecting previously unselected package libmpfr-dev:amd64.
2025-03-16T22:44:57.3167183Z Preparing to unpack .../212-libmpfr-dev_4.1.0-3build3_amd64.deb ...
2025-03-16T22:44:57.3187412Z Unpacking libmpfr-dev:amd64 (4.1.0-3build3) ...
2025-03-16T22:44:57.3473122Z Selecting previously unselected package libncurses5-dev:amd64.
2025-03-16T22:44:57.3667104Z Preparing to unpack .../213-libncurses5-dev_6.3-2ubuntu0.1_amd64.deb ...
2025-03-16T22:44:57.3675936Z Unpacking libncurses5-dev:amd64 (6.3-2ubuntu0.1) ...
2025-03-16T22:44:57.3895790Z Selecting previously unselected package libncursesw5-dev:amd64.
2025-03-16T22:44:57.4089329Z Preparing to unpack .../214-libncursesw5-dev_6.3-2ubuntu0.1_amd64.deb ...
2025-03-16T22:44:57.4099558Z Unpacking libncursesw5-dev:amd64 (6.3-2ubuntu0.1) ...
2025-03-16T22:44:57.4342767Z Selecting previously unselected package libndctl6:amd64.
2025-03-16T22:44:57.4538233Z Preparing to unpack .../215-libndctl6_72.1-1_amd64.deb ...
2025-03-16T22:44:57.4550792Z Unpacking libndctl6:amd64 (72.1-1) ...
2025-03-16T22:44:57.4808860Z Selecting previously unselected package libnode72:amd64.
2025-03-16T22:44:57.5002943Z Preparing to unpack .../216-libnode72_12.22.9~dfsg-1ubuntu3.6_amd64.deb ...
2025-03-16T22:44:57.5016217Z Unpacking libnode72:amd64 (12.22.9~dfsg-1ubuntu3.6) ...
2025-03-16T22:44:57.6794550Z Selecting previously unselected package libpackage-stash-xs-perl.
2025-03-16T22:44:57.7000526Z Preparing to unpack .../217-libpackage-stash-xs-perl_0.29-1build5_amd64.deb ...
2025-03-16T22:44:57.7011253Z Unpacking libpackage-stash-xs-perl (0.29-1build5) ...
2025-03-16T22:44:57.7287511Z Selecting previously unselected package libpmem1:amd64.
2025-03-16T22:44:57.7488831Z Preparing to unpack .../218-libpmem1_1.11.1-3build1_amd64.deb ...
2025-03-16T22:44:57.7500909Z Unpacking libpmem1:amd64 (1.11.1-3build1) ...
2025-03-16T22:44:57.7802389Z Selecting previously unselected package libpmemobj1:amd64.
2025-03-16T22:44:57.8003395Z Preparing to unpack .../219-libpmemobj1_1.11.1-3build1_amd64.deb ...
2025-03-16T22:44:57.8018974Z Unpacking libpmemobj1:amd64 (1.11.1-3build1) ...
2025-03-16T22:44:57.8287782Z Selecting previously unselected package libpython2.7-stdlib:amd64.
2025-03-16T22:44:57.8486054Z Preparing to unpack .../220-libpython2.7-stdlib_2.7.18-13ubuntu1.5_amd64.deb ...
2025-03-16T22:44:57.8500325Z Unpacking libpython2.7-stdlib:amd64 (2.7.18-13ubuntu1.5) ...
2025-03-16T22:44:57.9720878Z Selecting previously unselected package librados2.
2025-03-16T22:44:57.9924674Z Preparing to unpack .../221-librados2_17.2.7-0ubuntu0.22.04.2_amd64.deb ...
2025-03-16T22:44:57.9938734Z Unpacking librados2 (17.2.7-0ubuntu0.22.04.2) ...
2025-03-16T22:44:58.0682296Z Selecting previously unselected package librbd1.
2025-03-16T22:44:58.0885063Z Preparing to unpack .../222-librbd1_17.2.7-0ubuntu0.22.04.2_amd64.deb ...
2025-03-16T22:44:58.0897075Z Unpacking librbd1 (17.2.7-0ubuntu0.22.04.2) ...
2025-03-16T22:44:58.1706770Z Selecting previously unselected package libreadonly-perl.
2025-03-16T22:44:58.1910638Z Preparing to unpack .../223-libreadonly-perl_2.050-3_all.deb ...
2025-03-16T22:44:58.1921043Z Unpacking libreadonly-perl (2.050-3) ...
2025-03-16T22:44:58.2178111Z Selecting previously unselected package libref-util-perl.
2025-03-16T22:44:58.2380856Z Preparing to unpack .../224-libref-util-perl_0.204-1_all.deb ...
2025-03-16T22:44:58.2394301Z Unpacking libref-util-perl (0.204-1) ...
2025-03-16T22:44:58.2651016Z Selecting previously unselected package libref-util-xs-perl.
2025-03-16T22:44:58.2852528Z Preparing to unpack .../225-libref-util-xs-perl_0.117-1build5_amd64.deb ...
2025-03-16T22:44:58.2863677Z Unpacking libref-util-xs-perl (0.117-1build5) ...
2025-03-16T22:44:58.3114368Z Selecting previously unselected package libstringtemplate-java.
2025-03-16T22:44:58.3308300Z Preparing to unpack .../226-libstringtemplate-java_3.2.1-3_all.deb ...
2025-03-16T22:44:58.3320743Z Unpacking libstringtemplate-java (3.2.1-3) ...
2025-03-16T22:44:58.3652552Z Selecting previously unselected package liburing2:amd64.
2025-03-16T22:44:58.3848264Z Preparing to unpack .../227-liburing2_2.1-2build1_amd64.deb ...
2025-03-16T22:44:58.3858486Z Unpacking liburing2:amd64 (2.1-2build1) ...
2025-03-16T22:44:58.4099796Z Selecting previously unselected package libyaml-tiny-perl.
2025-03-16T22:44:58.4295130Z Preparing to unpack .../228-libyaml-tiny-perl_1.73-1_all.deb ...
2025-03-16T22:44:58.4310074Z Unpacking libyaml-tiny-perl (1.73-1) ...
2025-03-16T22:44:58.4556232Z Selecting previously unselected package lrzsz.
2025-03-16T22:44:58.4752086Z Preparing to unpack .../229-lrzsz_0.12.21-10_amd64.deb ...
2025-03-16T22:44:58.4766400Z Unpacking lrzsz (0.12.21-10) ...
2025-03-16T22:44:58.5079393Z Selecting previously unselected package ninja-build.
2025-03-16T22:44:58.5274270Z Preparing to unpack .../230-ninja-build_1.10.1-1_amd64.deb ...
2025-03-16T22:44:58.5293305Z Unpacking ninja-build (1.10.1-1) ...
2025-03-16T22:44:58.5640355Z Selecting previously unselected package node-uglify-js.
2025-03-16T22:44:58.5834780Z Preparing to unpack .../231-node-uglify-js_3.15.1-1_all.deb ...
2025-03-16T22:44:58.5844426Z Unpacking node-uglify-js (3.15.1-1) ...
2025-03-16T22:44:58.6157947Z Selecting previously unselected package nodejs-doc.
2025-03-16T22:44:58.6353633Z Preparing to unpack .../232-nodejs-doc_12.22.9~dfsg-1ubuntu3.6_all.deb ...
2025-03-16T22:44:58.6364796Z Unpacking nodejs-doc (12.22.9~dfsg-1ubuntu3.6) ...
2025-03-16T22:44:58.7181705Z Selecting previously unselected package python2.7.
2025-03-16T22:44:58.7384274Z Preparing to unpack .../233-python2.7_2.7.18-13ubuntu1.5_amd64.deb ...
2025-03-16T22:44:58.7396648Z Unpacking python2.7 (2.7.18-13ubuntu1.5) ...
2025-03-16T22:44:58.7689835Z Selecting previously unselected package qemu-utils.
2025-03-16T22:44:58.7891875Z Preparing to unpack .../234-qemu-utils_1%3a6.2+dfsg-2ubuntu6.25_amd64.deb ...
2025-03-16T22:44:58.7904437Z Unpacking qemu-utils (1:6.2+dfsg-2ubuntu6.25) ...
2025-03-16T22:44:58.8432163Z Selecting previously unselected package qemu-block-extra.
2025-03-16T22:44:58.8635955Z Preparing to unpack .../235-qemu-block-extra_1%3a6.2+dfsg-2ubuntu6.25_amd64.deb ...
2025-03-16T22:44:58.8647893Z Unpacking qemu-block-extra (1:6.2+dfsg-2ubuntu6.25) ...
2025-03-16T22:44:58.8921035Z Selecting previously unselected package scons.
2025-03-16T22:44:58.9123351Z Preparing to unpack .../236-scons_4.0.1+dfsg-2_all.deb ...
2025-03-16T22:44:58.9136110Z Unpacking scons (4.0.1+dfsg-2) ...
2025-03-16T22:44:58.9874950Z Selecting previously unselected package tex-gyre.
2025-03-16T22:44:59.0080943Z Preparing to unpack .../237-tex-gyre_20180621-3.1_all.deb ...
2025-03-16T22:44:59.0203155Z Unpacking tex-gyre (20180621-3.1) ...
2025-03-16T22:44:59.4222120Z Selecting previously unselected package nodejs.
2025-03-16T22:44:59.4429925Z Preparing to unpack .../238-nodejs_12.22.9~dfsg-1ubuntu3.6_amd64.deb ...
2025-03-16T22:44:59.4440591Z Unpacking nodejs (12.22.9~dfsg-1ubuntu3.6) ...
2025-03-16T22:44:59.4799085Z Selecting previously unselected package uglifyjs.
2025-03-16T22:44:59.5004672Z Preparing to unpack .../239-uglifyjs_3.15.1-1_all.deb ...
2025-03-16T22:44:59.5014061Z Unpacking uglifyjs (3.15.1-1) ...
2025-03-16T22:44:59.5271018Z Selecting previously unselected package xmlto.
2025-03-16T22:44:59.5472979Z Preparing to unpack .../240-xmlto_0.0.28-2.1_amd64.deb ...
2025-03-16T22:44:59.5483173Z Unpacking xmlto (0.0.28-2.1) ...
2025-03-16T22:44:59.5806958Z Selecting previously unselected package libfdt1:amd64.
2025-03-16T22:44:59.6008679Z Preparing to unpack .../241-libfdt1_1.6.1-1_amd64.deb ...
2025-03-16T22:44:59.6019036Z Unpacking libfdt1:amd64 (1.6.1-1) ...
2025-03-16T22:44:59.6263241Z Selecting previously unselected package device-tree-compiler.
2025-03-16T22:44:59.6463809Z Preparing to unpack .../242-device-tree-compiler_1.6.1-1_amd64.deb ...
2025-03-16T22:44:59.6472253Z Unpacking device-tree-compiler (1.6.1-1) ...
2025-03-16T22:44:59.6769918Z Selecting previously unselected package fastjar.
2025-03-16T22:44:59.6970413Z Preparing to unpack .../243-fastjar_2%3a0.98-7_amd64.deb ...
2025-03-16T22:44:59.6979067Z Unpacking fastjar (2:0.98-7) ...
2025-03-16T22:44:59.7276245Z Selecting previously unselected package libauthen-sasl-perl.
2025-03-16T22:44:59.7473616Z Preparing to unpack .../244-libauthen-sasl-perl_2.1600-1.1_all.deb ...
2025-03-16T22:44:59.7483672Z Unpacking libauthen-sasl-perl (2.1600-1.1) ...
2025-03-16T22:44:59.7775712Z Selecting previously unselected package libmpc-dev:amd64.
2025-03-16T22:44:59.7972817Z Preparing to unpack .../245-libmpc-dev_1.2.1-2build1_amd64.deb ...
2025-03-16T22:44:59.7982644Z Unpacking libmpc-dev:amd64 (1.2.1-2build1) ...
2025-03-16T22:44:59.8282210Z Selecting previously unselected package msmtp.
2025-03-16T22:44:59.8476988Z Preparing to unpack .../246-msmtp_1.8.16-1_amd64.deb ...
2025-03-16T22:44:59.8488047Z Unpacking msmtp (1.8.16-1) ...
2025-03-16T22:44:59.8812553Z Selecting previously unselected package python3-pyelftools.
2025-03-16T22:44:59.9008030Z Preparing to unpack .../247-python3-pyelftools_0.27-1_all.deb ...
2025-03-16T22:44:59.9174489Z Unpacking python3-pyelftools (0.27-1) ...
2025-03-16T22:44:59.9858364Z Setting up genisoimage (9:1.1.11-3.2ubuntu1) ...
2025-03-16T22:44:59.9910627Z Setting up node-uglify-js (3.15.1-1) ...
2025-03-16T22:44:59.9946418Z Setting up fastjar (2:0.98-7) ...
2025-03-16T22:45:00.0046336Z Setting up libhttp-negotiate-perl (6.01-1) ...
2025-03-16T22:45:00.0069900Z Setting up libfile-which-perl (1.23-1) ...
2025-03-16T22:45:00.0094828Z Setting up libsgmls-perl (1.03ii-36) ...
2025-03-16T22:45:00.0118295Z Setting up gettext (0.21-4ubuntu4) ...
2025-03-16T22:45:00.0150427Z Setting up libc6-dev-i386 (2.35-0ubuntu3.9) ...
2025-03-16T22:45:00.0195460Z Setting up lib32itm1 (12.3.0-1ubuntu1~22.04) ...
2025-03-16T22:45:00.0232117Z Setting up libfile-listing-perl (6.14-1) ...
2025-03-16T22:45:00.0271747Z Setting up fonts-noto-mono (20201225-1build1) ...
2025-03-16T22:45:00.0319079Z Setting up fonts-gfs-porson (1.1-7) ...
2025-03-16T22:45:00.0356006Z Setting up libncursesw5-dev:amd64 (6.3-2ubuntu0.1) ...
2025-03-16T22:45:00.0392524Z Setting up python3-pyelftools (0.27-1) ...
2025-03-16T22:45:00.1976480Z Setting up libfont-afm-perl (1.20-3) ...
2025-03-16T22:45:00.2023538Z Setting up libwoff1:amd64 (1.0.2-1build4) ...
2025-03-16T22:45:00.2055735Z Setting up libdynaloader-functions-perl (0.003-1.1) ...
2025-03-16T22:45:00.2093300Z Setting up libclass-method-modifiers-perl (2.13-1) ...
2025-03-16T22:45:00.2126821Z Setting up libref-util-xs-perl (0.117-1build5) ...
2025-03-16T22:45:00.2162989Z Setting up libhttp-cookies-perl (6.10-1) ...
2025-03-16T22:45:00.2206434Z Setting up sgmlspl (1.03ii-36) ...
2025-03-16T22:45:00.2255678Z Setting up libmime-types-perl (2.22-1) ...
2025-03-16T22:45:00.2294674Z Setting up libsombok3:amd64 (2.4.0-2) ...
2025-03-16T22:45:00.2329864Z Setting up libtexlua53:amd64 (2021.20210626.59705-1ubuntu0.2) ...
2025-03-16T22:45:00.2365523Z Setting up libsub-identify-perl (0.14-1build5) ...
2025-03-16T22:45:00.2416030Z Setting up libboost-iostreams1.74.0:amd64 (1.74.0-14ubuntu3) ...
2025-03-16T22:45:00.2461566Z Setting up dblatex-doc (0.3.12py3-1) ...
2025-03-16T22:45:00.2497975Z Setting up libijs-0.35:amd64 (0.35-15build2) ...
2025-03-16T22:45:00.2529530Z Setting up libauthen-sasl-perl (2.1600-1.1) ...
2025-03-16T22:45:00.2560525Z Setting up libhtml-tree-perl (5.07-2) ...
2025-03-16T22:45:00.2642509Z Setting up preview-latex-style (12.2-1ubuntu1) ...
2025-03-16T22:45:00.2994888Z Setting up libtexluajit2:amd64 (2021.20210626.59705-1ubuntu0.2) ...
2025-03-16T22:45:00.3023233Z Setting up libfontbox-java (1:1.8.16-2) ...
2025-03-16T22:45:00.3057976Z Setting up xsltproc (1.1.34-4ubuntu0.22.04.1) ...
2025-03-16T22:45:00.3094058Z Setting up libtry-tiny-perl (0.31-1) ...
2025-03-16T22:45:00.3141131Z Setting up perl-openssl-defaults:amd64 (5build2) ...
2025-03-16T22:45:00.3179947Z Setting up libnet-http-perl (6.22-1) ...
2025-03-16T22:45:00.3215695Z Setting up libpadwalker-perl (2.5-1build2) ...
2025-03-16T22:45:00.3252437Z Setting up libhtml-format-perl (2.12-1.1) ...
2025-03-16T22:45:00.3284220Z Setting up libzzip-0-13:amd64 (0.13.72+dfsg.1-1.1) ...
2025-03-16T22:45:00.3319651Z Setting up fonts-urw-base35 (20200910-1) ...
2025-03-16T22:45:00.3871164Z Setting up libxstring-perl (0.005-1build2) ...
2025-03-16T22:45:00.3913062Z Setting up libfuse2:amd64 (2.9.9-5ubuntu3) ...
2025-03-16T22:45:00.3960461Z Setting up libfdt1:amd64 (1.6.1-1) ...
2025-03-16T22:45:00.3993459Z Setting up lib32ubsan1 (12.3.0-1ubuntu1~22.04) ...
2025-03-16T22:45:00.4024404Z Setting up libmpfr-dev:amd64 (4.1.0-3build3) ...
2025-03-16T22:45:00.4057312Z Setting up libyaml-tiny-perl (1.73-1) ...
2025-03-16T22:45:00.4092573Z Setting up gperf (3.1-1build1) ...
2025-03-16T22:45:00.4143412Z Setting up libclass-c3-xs-perl (0.15-1build2) ...
2025-03-16T22:45:00.4176492Z Setting up libnode72:amd64 (12.22.9~dfsg-1ubuntu3.6) ...
2025-03-16T22:45:00.4205463Z Setting up libdevel-caller-perl (2.06-2build4) ...
2025-03-16T22:45:00.4245803Z Setting up ninja-build (1.10.1-1) ...
2025-03-16T22:45:00.4286070Z Setting up libsub-install-perl (0.928-1.1) ...
2025-03-16T22:45:00.4320240Z Setting up poppler-data (0.4.11-1) ...
2025-03-16T22:45:00.4511791Z Setting up libnl-route-3-200:amd64 (3.5.0-0.1) ...
2025-03-16T22:45:00.4550658Z Setting up libc6-x32 (2.35-0ubuntu3.9) ...
2025-03-16T22:45:00.4608132Z Setting up libosp5 (1.5.2-13ubuntu3) ...
2025-03-16T22:45:00.4690514Z Setting up help2man (1.49.1) ...
2025-03-16T22:45:00.4725483Z Setting up libglusterfs0:amd64 (10.1-1ubuntu0.2) ...
2025-03-16T22:45:00.4766599Z Setting up asciidoc-common (10.1.2-1) ...
2025-03-16T22:45:00.6587990Z Setting up libc6-dev-x32 (2.35-0ubuntu3.9) ...
2025-03-16T22:45:00.6626610Z Setting up libreadonly-perl (2.050-3) ...
2025-03-16T22:45:00.6656968Z Setting up libdevel-lexalias-perl (0.05-2build4) ...
2025-03-16T22:45:00.6708990Z Setting up libpackage-stash-xs-perl (0.29-1build5) ...
2025-03-16T22:45:00.6764119Z Setting up libclass-data-inheritable-perl (0.08-3) ...
2025-03-16T22:45:00.6779858Z Setting up libalgorithm-c3-perl (0.11-1) ...
2025-03-16T22:45:00.6985853Z Setting up libpython2.7-minimal:amd64 (2.7.18-13ubuntu1.5) ...
2025-03-16T22:45:00.7053162Z Setting up liblog-log4perl-perl (1.54-1) ...
2025-03-16T22:45:00.7090561Z Setting up lib32gomp1 (12.3.0-1ubuntu1~22.04) ...
2025-03-16T22:45:00.7139935Z Setting up libdata-dump-perl (1.25-1) ...
2025-03-16T22:45:00.7184922Z Setting up libstring-crc32-perl:amd64 (2.100-1build1) ...
2025-03-16T22:45:00.7217499Z Setting up libntlm0:amd64 (1.6-4) ...
2025-03-16T22:45:00.7247262Z Setting up libref-util-perl (0.204-1) ...
2025-03-16T22:45:00.7288866Z Setting up libjbig2dec0:amd64 (0.19-3build2) ...
2025-03-16T22:45:00.7320456Z Setting up python2.7-minimal (2.7.18-13ubuntu1.5) ...
2025-03-16T22:45:00.9510687Z Setting up dh-elpa-helper (2.0.9ubuntu1) ...
2025-03-16T22:45:00.9559201Z Setting up libteckit0:amd64 (2.5.11+ds1-1) ...
2025-03-16T22:45:00.9591630Z Setting up libapache-pom-java (18-1) ...
2025-03-16T22:45:00.9631898Z Setting up xfonts-encodings (1:1.0.5-0ubuntu2) ...
2025-03-16T22:45:00.9665535Z Setting up t1utils (1.41-4build2) ...
2025-03-16T22:45:00.9704149Z Setting up libfile-next-perl (1.18-1) ...
2025-03-16T22:45:00.9735103Z Setting up libemail-date-format-perl (1.005-1.1) ...
2025-03-16T22:45:00.9758995Z Setting up libvariable-magic-perl (0.62-1build5) ...
2025-03-16T22:45:00.9784666Z Setting up libidn12:amd64 (1.38-4ubuntu1) ...
2025-03-16T22:45:00.9815326Z Setting up scons (4.0.1+dfsg-2) ...
2025-03-16T22:45:01.2886489Z Setting up libelf-dev:amd64 (0.186-1build1) ...
2025-03-16T22:45:01.2911618Z Setting up autopoint (0.21-4ubuntu4) ...
2025-03-16T22:45:01.2939109Z Setting up libb-hooks-op-check-perl (0.22-1build5) ...
2025-03-16T22:45:01.2971466Z Setting up libjsoncpp25:amd64 (1.9.5-3) ...
2025-03-16T22:45:01.3000291Z Setting up device-tree-compiler (1.6.1-1) ...
2025-03-16T22:45:01.3043079Z Setting up fonts-texgyre (20180621-3.1) ...
2025-03-16T22:45:01.3142697Z Setting up libdaxctl1:amd64 (72.1-1) ...
2025-03-16T22:45:01.3168405Z Setting up lynx-common (2.9.0dev.10-1) ...
2025-03-16T22:45:01.3215234Z Setting up libx32gomp1 (12.3.0-1ubuntu1~22.04) ...
2025-03-16T22:45:01.3241388Z Setting up libmpc-dev:amd64 (1.2.1-2build1) ...
2025-03-16T22:45:01.3265159Z Setting up libparams-util-perl (1.102-1build3) ...
2025-03-16T22:45:01.3291963Z Setting up libkpathsea6:amd64 (2021.20210626.59705-1ubuntu0.2) ...
2025-03-16T22:45:01.3325162Z Setting up lib32asan6 (11.4.0-1ubuntu1~22.04) ...
2025-03-16T22:45:01.3350683Z Setting up libsub-exporter-progressive-perl (0.001013-1) ...
2025-03-16T22:45:01.3377577Z Setting up libsub-name-perl (0.26-1build3) ...
2025-03-16T22:45:01.3414394Z Setting up libwww-robotrules-perl (6.02-1) ...
2025-03-16T22:45:01.3447390Z Setting up libantlr3-runtime-java (3.5.2-9) ...
2025-03-16T22:45:01.3472765Z Setting up libjs-highlight.js (9.18.5+dfsg1-1) ...
2025-03-16T22:45:01.3502923Z Setting up libostyle1c2 (1.4devel1-22) ...
2025-03-16T22:45:01.3577602Z Setting up libhttp-daemon-perl (6.13-1ubuntu0.1) ...
2025-03-16T22:45:01.3608713Z Setting up fonts-gfs-baskerville (1.1-6) ...
2025-03-16T22:45:01.3630426Z Setting up ack (3.5.0-1) ...
2025-03-16T22:45:01.3700387Z Setting up libmime-charset-perl (1.012.2-1) ...
2025-03-16T22:45:01.3729201Z Setting up librhash0:amd64 (1.4.2-1ubuntu1) ...
2025-03-16T22:45:01.3754821Z Setting up libgmp3-dev:amd64 (2:6.2.1+dfsg-3ubuntu1) ...
2025-03-16T22:45:01.3779129Z Setting up libncurses5-dev:amd64 (6.3-2ubuntu0.1) ...
2025-03-16T22:45:01.3808996Z Setting up lib32quadmath0 (12.3.0-1ubuntu1~22.04) ...
2025-03-16T22:45:01.3857206Z Setting up librole-tiny-perl (2.002004-1) ...
2025-03-16T22:45:01.3886115Z Setting up fonts-lmodern (2.004.5-6.1) ...
2025-03-16T22:45:01.3926809Z Setting up libndctl6:amd64 (72.1-1) ...
2025-03-16T22:45:01.3950724Z Setting up libdevel-globaldestruction-perl (0.14-1.1) ...
2025-03-16T22:45:01.3976700Z Setting up libx32quadmath0 (12.3.0-1ubuntu1~22.04) ...
2025-03-16T22:45:01.4010207Z Setting up sgml-base (1.30) ...
2025-03-16T22:45:01.4277491Z Setting up libsub-quote-perl (2.006006-1) ...
2025-03-16T22:45:01.4300787Z Setting up libdevel-stacktrace-perl (2.0400-1) ...
2025-03-16T22:45:01.4325369Z Setting up libclass-xsaccessor-perl (1.19-3build9) ...
2025-03-16T22:45:01.4351433Z Setting up cmake-data (3.22.1-1ubuntu1.22.04.2) ...
2025-03-16T22:45:01.4895411Z Setting up fonts-droid-fallback (1:6.0.1r16-1.1build1) ...
2025-03-16T22:45:01.5119215Z Setting up gsasl-common (1.10.0-5) ...
2025-03-16T22:45:01.5144303Z Setting up lynx (2.9.0dev.10-1) ...
2025-03-16T22:45:01.5216893Z update-alternatives: using /usr/bin/lynx to provide /usr/bin/www-browser (www-browser) in auto mode
2025-03-16T22:45:01.5246435Z Setting up liburing2:amd64 (2.1-2build1) ...
2025-03-16T22:45:01.5278031Z Setting up libxml2-utils (2.9.13+dfsg-1ubuntu0.6) ...
2025-03-16T22:45:01.5315004Z Setting up libfile-homedir-perl (1.006-1) ...
2025-03-16T22:45:01.5341013Z Setting up libantlr-java (2.7.7+dfsg-12) ...
2025-03-16T22:45:01.5371341Z Setting up libpmem1:amd64 (1.11.1-3build1) ...
2025-03-16T22:45:01.5406182Z Setting up lrzsz (0.12.21-10) ...
2025-03-16T22:45:01.5441170Z Setting up libsys-hostname-long-perl (1.5-2) ...
2025-03-16T22:45:01.5475719Z Setting up openjade (1.4devel1-22) ...
2025-03-16T22:45:01.5637867Z Setting up lib32atomic1 (12.3.0-1ubuntu1~22.04) ...
2025-03-16T22:45:01.5665474Z Setting up libsynctex2:amd64 (2021.20210626.59705-1ubuntu0.2) ...
2025-03-16T22:45:01.5700639Z Setting up libgfxdr0:amd64 (10.1-1ubuntu0.2) ...
2025-03-16T22:45:01.5746121Z Setting up libboost-thread1.74.0:amd64 (1.74.0-14ubuntu3) ...
2025-03-16T22:45:01.5781459Z Setting up libhiredis0.14:amd64 (0.14.1-2) ...
2025-03-16T22:45:01.5820442Z Setting up libhtml-form-perl (6.07-1) ...
2025-03-16T22:45:01.5846797Z Setting up libx32atomic1 (12.3.0-1ubuntu1~22.04) ...
2025-03-16T22:45:01.5891959Z Setting up libnet-ssleay-perl:amd64 (1.92-1build2) ...
2025-03-16T22:45:01.5926463Z Setting up libgs9-common (9.55.0~dfsg1-0ubuntu5.10) ...
2025-03-16T22:45:01.5965191Z Setting up teckit (2.5.11+ds1-1) ...
2025-03-16T22:45:01.6008946Z Setting up libibverbs1:amd64 (39.0-1) ...
2025-03-16T22:45:01.6496773Z Setting up libpdfbox-java (1:1.8.16-2) ...
2025-03-16T22:45:01.6536142Z Setting up libgs9:amd64 (9.55.0~dfsg1-0ubuntu5.10) ...
2025-03-16T22:45:01.6729105Z Setting up libstringtemplate4-java (4.0.8-2.1) ...
2025-03-16T22:45:01.6769409Z Setting up ibverbs-providers:amd64 (39.0-1) ...
2025-03-16T22:45:01.7125050Z Setting up libx32gcc-s1 (12.3.0-1ubuntu1~22.04) ...
2025-03-16T22:45:01.7178376Z Setting up ccache (4.5.1-1) ...
2025-03-16T22:45:01.7209151Z Updating symlinks in /usr/lib/ccache ...
2025-03-16T22:45:01.7308250Z Setting up libcommons-parent-java (43-1) ...
2025-03-16T22:45:01.7343718Z Setting up dvisvgm (2.13.1-1) ...
2025-03-16T22:45:01.7376270Z Setting up libgsasl7:amd64 (1.10.0-5) ...
2025-03-16T22:45:01.7419723Z Setting up libcommons-logging-java (1.2-2) ...
2025-03-16T22:45:01.7450418Z Setting up libstringtemplate-java (3.2.1-3) ...
2025-03-16T22:45:01.7486440Z Setting up libx32itm1 (12.3.0-1ubuntu1~22.04) ...
2025-03-16T22:45:01.7520396Z Setting up libipc-shareable-perl (1.06-2) ...
2025-03-16T22:45:01.7555439Z Setting up libexception-class-perl (1.45-1) ...
2025-03-16T22:45:01.7595835Z Setting up opensp (1.5.2-13ubuntu3) ...
2025-03-16T22:45:01.7639041Z Setting up libclass-c3-perl (0.35-1) ...
2025-03-16T22:45:01.7674187Z Setting up libfuse-dev:amd64 (2.9.9-5ubuntu3) ...
2025-03-16T22:45:01.7717993Z Setting up ghostscript (9.55.0~dfsg1-0ubuntu5.10) ...
2025-03-16T22:45:01.7846813Z Setting up xfonts-utils (1:7.7+6build2) ...
2025-03-16T22:45:01.7910743Z Setting up nodejs (12.22.9~dfsg-1ubuntu3.6) ...
2025-03-16T22:45:01.8015166Z update-alternatives: using /usr/bin/nodejs to provide /usr/bin/js (js) in auto mode
2025-03-16T22:45:01.8041228Z Setting up libdevel-callchecker-perl (0.008-1ubuntu4) ...
2025-03-16T22:45:01.8071882Z Setting up libpython2.7-stdlib:amd64 (2.7.18-13ubuntu1.5) ...
2025-03-16T22:45:01.8113332Z Setting up libmail-sendmail-perl (0.80-1.1) ...
2025-03-16T22:45:01.8140887Z Setting up libptexenc1:amd64 (2021.20210626.59705-1ubuntu0.2) ...
2025-03-16T22:45:01.8177234Z Setting up libx32asan6 (11.4.0-1ubuntu1~22.04) ...
2025-03-16T22:45:01.8213862Z Setting up libunicode-linebreak-perl (0.0.20190101-1build3) ...
2025-03-16T22:45:01.8255157Z Setting up libpmemobj1:amd64 (1.11.1-3build1) ...
2025-03-16T22:45:01.8295460Z Setting up libdata-optlist-perl (0.112-1) ...
2025-03-16T22:45:01.8346669Z Setting up antlr3 (3.5.2-9) ...
2025-03-16T22:45:01.8393451Z Setting up nodejs-doc (12.22.9~dfsg-1ubuntu3.6) ...
2025-03-16T22:45:01.8425866Z Setting up texlive-binaries (2021.20210626.59705-1ubuntu0.2) ...
2025-03-16T22:45:01.8507867Z update-alternatives: using /usr/bin/xdvi-xaw to provide /usr/bin/xdvi.bin (xdvi.bin) in auto mode
2025-03-16T22:45:01.8567358Z update-alternatives: using /usr/bin/bibtex.original to provide /usr/bin/bibtex (bibtex) in auto mode
2025-03-16T22:45:01.8701499Z Setting up lmodern (2.004.5-6.1) ...
2025-03-16T22:45:02.0109504Z Setting up xml-core (0.18+nmu1) ...
2025-03-16T22:45:02.1609066Z Setting up cmake (3.22.1-1ubuntu1.22.04.2) ...
2025-03-16T22:45:02.1647849Z Setting up qemu-utils (1:6.2+dfsg-2ubuntu6.25) ...
2025-03-16T22:45:02.1695455Z Setting up libmro-compat-perl (0.15-1) ...
2025-03-16T22:45:02.1742831Z Setting up texlive-base (2021.20220204-1) ...
2025-03-16T22:45:02.2300855Z /usr/bin/ucfr
2025-03-16T22:45:02.2874861Z /usr/bin/ucfr
2025-03-16T22:45:02.3444458Z /usr/bin/ucfr
2025-03-16T22:45:02.4004980Z /usr/bin/ucfr
2025-03-16T22:45:02.9494124Z tl-paper: setting paper size for dvips to a4: /var/lib/texmf/dvips/config/config-paper.ps
2025-03-16T22:45:03.1599623Z tl-paper: setting paper size for dvipdfmx to a4: /var/lib/texmf/dvipdfmx/dvipdfmx-paper.cfg
2025-03-16T22:45:03.3739168Z tl-paper: setting paper size for xdvi to a4: /var/lib/texmf/xdvi/XDvi-paper
2025-03-16T22:45:03.5849589Z tl-paper: setting paper size for pdftex to a4: /var/lib/texmf/tex/generic/tex-ini-files/pdftexconfig.tex
2025-03-16T22:45:04.1121272Z Setting up tex-gyre (20180621-3.1) ...
2025-03-16T22:45:04.2460607Z Setting up libgfrpc0:amd64 (10.1-1ubuntu0.2) ...
2025-03-16T22:45:04.2486791Z Setting up libio-socket-ssl-perl (2.074-2) ...
2025-03-16T22:45:04.2522880Z Setting up libsub-exporter-perl (0.988-1) ...
2025-03-16T22:45:04.2551837Z Setting up libeval-closure-perl (0.14-1) ...
2025-03-16T22:45:04.2577029Z Setting up libx32stdc++6 (12.3.0-1ubuntu1~22.04) ...
2025-03-16T22:45:04.2610350Z Setting up librdmacm1:amd64 (39.0-1) ...
2025-03-16T22:45:04.2639365Z Setting up libparams-validationcompiler-perl (0.30-1) ...
2025-03-16T22:45:04.2675998Z Setting up librados2 (17.2.7-0ubuntu0.22.04.2) ...
2025-03-16T22:45:04.2704124Z Setting up uglifyjs (3.15.1-1) ...
2025-03-16T22:45:04.2734180Z Setting up msmtp (1.8.16-1) ...
2025-03-16T22:45:04.5864165Z Setting up libx32ubsan1 (12.3.0-1ubuntu1~22.04) ...
2025-03-16T22:45:04.5900347Z Setting up python2.7 (2.7.18-13ubuntu1.5) ...
2025-03-16T22:45:05.1044982Z Setting up texlive-luatex (2021.20220204-1) ...
2025-03-16T22:45:05.1111030Z Setting up libparams-classify-perl (0.015-1build5) ...
2025-03-16T22:45:05.1143498Z Setting up texlive-plain-generic (2021.20220204-1) ...
2025-03-16T22:45:05.1198042Z Setting up texlive-lang-greek (2021.20220204-1) ...
2025-03-16T22:45:05.1382994Z Setting up libx32gcc-11-dev (11.4.0-1ubuntu1~22.04) ...
2025-03-16T22:45:05.1417836Z Setting up libnet-smtp-ssl-perl (1.04-1) ...
2025-03-16T22:45:05.1460424Z Setting up texlive-latex-base (2021.20220204-1) ...
2025-03-16T22:45:05.1574937Z Setting up libmodule-runtime-perl (0.016-1) ...
2025-03-16T22:45:05.1607923Z Setting up libmailtools-perl (2.21-1) ...
2025-03-16T22:45:05.1637611Z Setting up texlive-extra-utils (2021.20220204-1) ...
2025-03-16T22:45:05.1708186Z Setting up texlive-latex-recommended (2021.20220204-1) ...
2025-03-16T22:45:05.1760336Z Setting up libx32stdc++-11-dev (11.4.0-1ubuntu1~22.04) ...
2025-03-16T22:45:05.1796471Z Setting up libdist-checkconflicts-perl (0.11-1.1) ...
2025-03-16T22:45:05.1823267Z Setting up librbd1 (17.2.7-0ubuntu0.22.04.2) ...
2025-03-16T22:45:05.1855314Z Setting up libgfapi0:amd64 (10.1-1ubuntu0.2) ...
2025-03-16T22:45:05.1891226Z Setting up texlive-pictures (2021.20220204-1) ...
2025-03-16T22:45:05.1959965Z Setting up texlive-fonts-recommended (2021.20220204-1) ...
2025-03-16T22:45:05.2029342Z Setting up tipa (2:1.3-21) ...
2025-03-16T22:45:05.2130142Z Setting up libiscsi7:amd64 (1.19.0-3build2) ...
2025-03-16T22:45:05.2174599Z Setting up lib32gcc-11-dev (11.4.0-1ubuntu1~22.04) ...
2025-03-16T22:45:05.2209040Z Setting up qemu-block-extra (1:6.2+dfsg-2ubuntu6.25) ...
2025-03-16T22:45:05.4974636Z Created symlink /etc/systemd/system/multi-user.target.wants/run-qemu.mount → /lib/systemd/system/run-qemu.mount.
2025-03-16T22:45:05.9250196Z Setting up lib32stdc++-11-dev (11.4.0-1ubuntu1~22.04) ...
2025-03-16T22:45:05.9280463Z Setting up libmime-lite-perl (3.033-1) ...
2025-03-16T22:45:05.9310736Z Setting up libmodule-implementation-perl (0.09-1.1) ...
2025-03-16T22:45:05.9340214Z Setting up texlive (2021.20220204-1) ...
2025-03-16T22:45:05.9371458Z Setting up libpackage-stash-perl (0.39-1) ...
2025-03-16T22:45:05.9397921Z Setting up texlive-science (2021.20220204-1) ...
2025-03-16T22:45:05.9631362Z Setting up texlive-latex-extra (2021.20220204-1) ...
2025-03-16T22:45:05.9730969Z Setting up texlive-bibtex-extra (2021.20220204-1) ...
2025-03-16T22:45:05.9773552Z Setting up libspecio-perl (0.47-1) ...
2025-03-16T22:45:05.9798323Z Setting up texlive-xetex (2021.20220204-1) ...
2025-03-16T22:45:05.9896876Z Setting up gcc-11-multilib (11.4.0-1ubuntu1~22.04) ...
2025-03-16T22:45:05.9923600Z Setting up libb-hooks-endofscope-perl (0.25-1) ...
2025-03-16T22:45:05.9950270Z Setting up gcc-multilib (4:11.2.0-1ubuntu1) ...
2025-03-16T22:45:05.9973227Z Setting up g++-11-multilib (11.4.0-1ubuntu1~22.04) ...
2025-03-16T22:45:06.0003754Z Setting up g++-multilib (4:11.2.0-1ubuntu1) ...
2025-03-16T22:45:06.0037052Z Setting up texlive-formats-extra (2021.20220204-1) ...
2025-03-16T22:45:06.0197626Z Setting up libnamespace-clean-perl (0.27-1) ...
2025-03-16T22:45:06.0233579Z Setting up libnamespace-autoclean-perl (0.29-1) ...
2025-03-16T22:45:06.0270485Z Setting up liblog-dispatch-perl (2.70-1) ...
2025-03-16T22:45:06.0387625Z Setting up liblwp-protocol-https-perl (6.10-1) ...
2025-03-16T22:45:06.0437968Z Setting up libwww-perl (6.61-1) ...
2025-03-16T22:45:06.0528028Z Setting up libxml-parser-perl:amd64 (2.46-3build1) ...
2025-03-16T22:45:06.0613404Z Setting up intltool (0.51.0-6) ...
2025-03-16T22:45:06.0749615Z Processing triggers for install-info (6.8-4build1) ...
2025-03-16T22:45:06.2532811Z Processing triggers for mailcap (3.70+nmu1ubuntu1) ...
2025-03-16T22:45:06.2757321Z Processing triggers for fontconfig (2.13.1-4.2ubuntu5) ...
2025-03-16T22:45:06.5922619Z Processing triggers for libc-bin (2.35-0ubuntu3.9) ...
2025-03-16T22:45:06.6274050Z Processing triggers for man-db (2.10.2-1) ...
2025-03-16T22:45:07.3224194Z Processing triggers for tex-common (6.17) ...
2025-03-16T22:45:07.5438998Z Running mktexlsr. This may take some time... done.
2025-03-16T22:45:08.1019998Z Running updmap-sys. This may take some time... done.
2025-03-16T22:45:08.1273378Z Running mktexlsr /var/lib/texmf ... done.
2025-03-16T22:45:08.2134712Z Building format(s) --all.
2025-03-16T22:45:20.7410136Z 	This may take some time... done.
2025-03-16T22:45:20.7583529Z Processing triggers for sgml-base (1.30) ...
2025-03-16T22:45:20.7680233Z Setting up docbook-xsl (1.79.2+dfsg-1) ...
2025-03-16T22:45:20.9031528Z Setting up sgml-data (2.0.11+nmu1) ...
2025-03-16T22:45:21.2076433Z Setting up asciidoc-base (10.1.2-1) ...
2025-03-16T22:45:21.3751715Z Setting up asciidoc (10.1.2-1) ...
2025-03-16T22:45:21.5016552Z Processing triggers for sgml-base (1.30) ...
2025-03-16T22:45:21.5121461Z Setting up docbook-xml (4.5-11) ...
2025-03-16T22:45:22.7881894Z Processing triggers for sgml-base (1.30) ...
2025-03-16T22:45:22.7979611Z Setting up xmlto (0.0.28-2.1) ...
2025-03-16T22:45:22.8038655Z Setting up docbook-dsssl (1.79-10) ...
2025-03-16T22:45:22.8101771Z Setting up dblatex (0.3.12py3-1) ...
2025-03-16T22:45:22.9644521Z Processing triggers for sgml-base (1.30) ...
2025-03-16T22:45:22.9744735Z Setting up docbook-utils (0.6.14-4) ...
2025-03-16T22:45:22.9778404Z Setting up asciidoc-dblatex (10.1.2-1) ...
2025-03-16T22:45:23.2104136Z NEEDRESTART-VER: 3.5
2025-03-16T22:45:23.4813312Z NEEDRESTART-KCUR: 6.8.0-1021-azure
2025-03-16T22:45:23.4813671Z NEEDRESTART-KEXP: 6.8.0-1021-azure
2025-03-16T22:45:23.4813953Z NEEDRESTART-KSTA: 1
2025-03-16T22:45:25.4243998Z (Reading database ... 
2025-03-16T22:45:25.4244608Z (Reading database ... 5%
2025-03-16T22:45:25.4245016Z (Reading database ... 10%
2025-03-16T22:45:25.4245408Z (Reading database ... 15%
2025-03-16T22:45:25.4245746Z (Reading database ... 20%
2025-03-16T22:45:25.4246072Z (Reading database ... 25%
2025-03-16T22:45:25.4246412Z (Reading database ... 30%
2025-03-16T22:45:25.4246751Z (Reading database ... 35%
2025-03-16T22:45:25.4247087Z (Reading database ... 40%
2025-03-16T22:45:25.4247420Z (Reading database ... 45%
2025-03-16T22:45:25.4247750Z (Reading database ... 50%
2025-03-16T22:45:25.4347322Z (Reading database ... 55%
2025-03-16T22:45:25.4378841Z (Reading database ... 60%
2025-03-16T22:45:25.4403666Z (Reading database ... 65%
2025-03-16T22:45:25.4490286Z (Reading database ... 70%
2025-03-16T22:45:25.4549675Z (Reading database ... 75%
2025-03-16T22:45:25.4743317Z (Reading database ... 80%
2025-03-16T22:45:25.5010935Z (Reading database ... 85%
2025-03-16T22:45:25.5219529Z (Reading database ... 90%
2025-03-16T22:45:25.5310005Z (Reading database ... 95%
2025-03-16T22:45:25.5310399Z (Reading database ... 100%
2025-03-16T22:45:25.5310897Z (Reading database ... 326452 files and directories currently installed.)
2025-03-16T22:45:25.5373624Z Removing apport-symptoms (0.24) ...
2025-03-16T22:45:25.5564984Z Removing landscape-common (23.02-0ubuntu1~22.04.4) ...
2025-03-16T22:45:25.6656416Z Removing bc (1.07.1-3build1) ...
2025-03-16T22:45:25.7087758Z Removing libintl-xs-perl (1.26-3build2) ...
2025-03-16T22:45:25.7282044Z Removing needrestart (3.5-5ubuntu2.4) ...
2025-03-16T22:45:25.7846791Z Removing libintl-perl (1.26-3build2) ...
2025-03-16T22:45:25.8162535Z Removing open-iscsi (2.1.5-1ubuntu1.1) ...
2025-03-16T22:45:26.0570319Z Warning: Stopping iscsid.service, but it can still be activated by:
2025-03-16T22:45:26.0570915Z   iscsid.socket
2025-03-16T22:45:27.4287216Z Removing libisns0:amd64 (0.101-0ubuntu2) ...
2025-03-16T22:45:27.4555981Z Removing liblldb-13 (1:13.0.1-2ubuntu2.2) ...
2025-03-16T22:45:27.4843406Z Removing liblldb-15 (1:15.0.7-0ubuntu0.22.04.3) ...
2025-03-16T22:45:27.5053429Z Removing libmodule-find-perl (0.15-1) ...
2025-03-16T22:45:27.5259809Z Removing libmodule-scandeps-perl (1.31-1ubuntu0.1) ...
2025-03-16T22:45:27.5480107Z Removing open-vm-tools (2:12.3.5-3~ubuntu0.22.04.1) ...
2025-03-16T22:45:28.5143483Z Removing libmspack0:amd64 (0.10.1-2build2) ...
2025-03-16T22:45:28.5365413Z Removing libopeniscsiusr (2.1.5-1ubuntu1.1) ...
2025-03-16T22:45:28.5629110Z Removing libproc-processtable-perl:amd64 (0.634-1build1) ...
2025-03-16T22:45:28.5841766Z Removing libsort-naturally-perl (1.03-2) ...
2025-03-16T22:45:28.6037859Z Removing libterm-readkey-perl (2.38-1build4) ...
2025-03-16T22:45:28.6236496Z Removing libxmlsec1-openssl:amd64 (1.2.33-1build2) ...
2025-03-16T22:45:28.6421678Z Removing libxmlsec1:amd64 (1.2.33-1build2) ...
2025-03-16T22:45:28.6603553Z Removing lxd-agent-loader (0.5) ...
2025-03-16T22:45:29.1556182Z Removing python3-apport (2.20.11-0ubuntu82.6) ...
2025-03-16T22:45:29.2579765Z Removing python3-twisted (22.1.0-2ubuntu2.6) ...
2025-03-16T22:45:29.5924099Z Removing python3-automat (20.2.0-1) ...
2025-03-16T22:45:29.6887510Z Removing python3-bcrypt (3.2.0-1build1) ...
2025-03-16T22:45:29.7890593Z Removing python3-click (8.0.3-1) ...
2025-03-16T22:45:29.8913368Z Removing python3-colorama (0.4.4-1) ...
2025-03-16T22:45:29.9876739Z Removing python3-constantly (15.1.0-2) ...
2025-03-16T22:45:30.0860305Z Removing python3-hamcrest (2.0.2-2) ...
2025-03-16T22:45:30.2027578Z Removing python3-hyperlink (21.0.0-3) ...
2025-03-16T22:45:30.3053803Z Removing python3-incremental (21.3.0-1) ...
2025-03-16T22:45:30.4134250Z Removing python3-problem-report (2.20.11-0ubuntu82.6) ...
2025-03-16T22:45:30.5120228Z Removing python3-service-identity (18.1.0-6) ...
2025-03-16T22:45:30.6100692Z Removing python3-pyasn1-modules (0.2.1-1) ...
2025-03-16T22:45:30.7139021Z Removing python3-pyasn1 (0.4.8-1) ...
2025-03-16T22:45:30.8249957Z Removing python3-systemd (234-3ubuntu2) ...
2025-03-16T22:45:30.9269268Z Removing python3-zope.interface (5.4.0-1build1) ...
2025-03-16T22:45:31.0604128Z Removing zerofree (1.1.1-1build3) ...
2025-03-16T22:45:31.1055272Z Processing triggers for libc-bin (2.35-0ubuntu3.9) ...
2025-03-16T22:45:31.1230892Z Processing triggers for man-db (2.10.2-1) ...
2025-03-16T22:45:31.3971764Z Processing triggers for install-info (6.8-4build1) ...
2025-03-16T22:45:31.5584293Z Processing triggers for initramfs-tools (0.140ubuntu13.4) ...
2025-03-16T22:45:31.6179636Z update-initramfs: Generating /boot/initrd.img-6.8.0-1021-azure
2025-03-16T22:45:39.3594577Z (Reading database ... 
2025-03-16T22:45:39.3595100Z (Reading database ... 5%
2025-03-16T22:45:39.3595543Z (Reading database ... 10%
2025-03-16T22:45:39.3596007Z (Reading database ... 15%
2025-03-16T22:45:39.3596485Z (Reading database ... 20%
2025-03-16T22:45:39.3596947Z (Reading database ... 25%
2025-03-16T22:45:39.3597378Z (Reading database ... 30%
2025-03-16T22:45:39.3597813Z (Reading database ... 35%
2025-03-16T22:45:39.3598231Z (Reading database ... 40%
2025-03-16T22:45:39.3598856Z (Reading database ... 45%
2025-03-16T22:45:39.3599263Z (Reading database ... 50%
2025-03-16T22:45:39.3689177Z (Reading database ... 55%
2025-03-16T22:45:39.3725394Z (Reading database ... 60%
2025-03-16T22:45:39.3747802Z (Reading database ... 65%
2025-03-16T22:45:39.3836286Z (Reading database ... 70%
2025-03-16T22:45:39.3897741Z (Reading database ... 75%
2025-03-16T22:45:39.4102570Z (Reading database ... 80%
2025-03-16T22:45:39.4395421Z (Reading database ... 85%
2025-03-16T22:45:39.4615039Z (Reading database ... 90%
2025-03-16T22:45:39.4712703Z (Reading database ... 95%
2025-03-16T22:45:39.4713174Z (Reading database ... 100%
2025-03-16T22:45:39.4713806Z (Reading database ... 324290 files and directories currently installed.)
2025-03-16T22:45:39.4780713Z Purging configuration files for needrestart (3.5-5ubuntu2.4) ...
2025-03-16T22:45:39.5151475Z Purging configuration files for lxd-agent-loader (0.5) ...
2025-03-16T22:45:40.0160356Z Purging configuration files for bc (1.07.1-3build1) ...
2025-03-16T22:45:40.0462482Z Purging configuration files for landscape-common (23.02-0ubuntu1~22.04.4) ...
2025-03-16T22:45:40.2856884Z Purging configuration files for open-iscsi (2.1.5-1ubuntu1.1) ...
2025-03-16T22:45:42.6263211Z Purging configuration files for python3-twisted (22.1.0-2ubuntu2.6) ...
2025-03-16T22:45:42.6597470Z Purging configuration files for open-vm-tools (2:12.3.5-3~ubuntu0.22.04.1) ...
2025-03-16T22:45:45.6272395Z ##[group]Run df -hT $PWD
2025-03-16T22:45:45.6272692Z [36;1mdf -hT $PWD[0m
2025-03-16T22:45:45.6272943Z [36;1mgit clone $REPO_URL -b $REPO_BRANCH openwrt[0m
2025-03-16T22:45:45.6273285Z [36;1mln -sf /workdir/openwrt $GITHUB_WORKSPACE/openwrt[0m
2025-03-16T22:45:45.6350566Z shell: /usr/bin/bash -e {0}
2025-03-16T22:45:45.6350800Z env:
2025-03-16T22:45:45.6351035Z   REPO_URL: https://github.com/coolsnowwolf/lede
2025-03-16T22:45:45.6351322Z   REPO_BRANCH: master
2025-03-16T22:45:45.6351526Z   FEEDS_CONF: feeds.conf.default
2025-03-16T22:45:45.6351747Z   CONFIG_FILE: .config
2025-03-16T22:45:45.6351941Z   DIY_P1_SH: diy-part1.sh
2025-03-16T22:45:45.6352149Z   DIY_P2_SH: diy-part2.sh
2025-03-16T22:45:45.6352532Z   UPLOAD_BIN_DIR: false
2025-03-16T22:45:45.6352722Z   UPLOAD_FIRMWARE: true
2025-03-16T22:45:45.6352908Z   UPLOAD_RELEASE: true
2025-03-16T22:45:45.6353090Z   TZ: Asia/Shanghai
2025-03-16T22:45:45.6353271Z ##[endgroup]
2025-03-16T22:45:45.6477136Z Filesystem     Type  Size  Used Avail Use% Mounted on
2025-03-16T22:45:45.6477661Z /dev/root      ext4   73G   37G   37G  51% /
2025-03-16T22:45:45.6491455Z Cloning into 'openwrt'...
2025-03-16T22:45:58.8783501Z Updating files:  80% (12476/15578)
2025-03-16T22:45:58.8872686Z Updating files:  81% (12619/15578)
2025-03-16T22:45:58.8995351Z Updating files:  82% (12774/15578)
2025-03-16T22:45:58.9568894Z Updating files:  83% (12930/15578)
2025-03-16T22:45:58.9655926Z Updating files:  84% (13086/15578)
2025-03-16T22:45:58.9754664Z Updating files:  85% (13242/15578)
2025-03-16T22:45:58.9835423Z Updating files:  86% (13398/15578)
2025-03-16T22:45:58.9899314Z Updating files:  87% (13553/15578)
2025-03-16T22:45:58.9962319Z Updating files:  88% (13709/15578)
2025-03-16T22:45:59.0047233Z Updating files:  89% (13865/15578)
2025-03-16T22:45:59.0145230Z Updating files:  90% (14021/15578)
2025-03-16T22:45:59.0215259Z Updating files:  91% (14176/15578)
2025-03-16T22:45:59.0336861Z Updating files:  92% (14332/15578)
2025-03-16T22:45:59.0412266Z Updating files:  93% (14488/15578)
2025-03-16T22:45:59.0502914Z Updating files:  94% (14644/15578)
2025-03-16T22:45:59.0581373Z Updating files:  95% (14800/15578)
2025-03-16T22:45:59.0696452Z Updating files:  96% (14955/15578)
2025-03-16T22:45:59.0769109Z Updating files:  97% (15111/15578)
2025-03-16T22:45:59.0861019Z Updating files:  98% (15267/15578)
2025-03-16T22:45:59.0957597Z Updating files:  99% (15423/15578)
2025-03-16T22:45:59.0958099Z Updating files: 100% (15578/15578)
2025-03-16T22:45:59.0958480Z Updating files: 100% (15578/15578), done.
2025-03-16T22:45:59.1283251Z ##[group]Run [ -e $FEEDS_CONF ] && mv $FEEDS_CONF openwrt/feeds.conf.default
2025-03-16T22:45:59.1283726Z [36;1m[ -e $FEEDS_CONF ] && mv $FEEDS_CONF openwrt/feeds.conf.default[0m
2025-03-16T22:45:59.1284062Z [36;1mchmod +x $DIY_P1_SH[0m
2025-03-16T22:45:59.1284268Z [36;1mcd openwrt[0m
2025-03-16T22:45:59.1284466Z [36;1m$GITHUB_WORKSPACE/$DIY_P1_SH[0m
2025-03-16T22:45:59.1353791Z shell: /usr/bin/bash -e {0}
2025-03-16T22:45:59.1354025Z env:
2025-03-16T22:45:59.1354253Z   REPO_URL: https://github.com/coolsnowwolf/lede
2025-03-16T22:45:59.1354544Z   REPO_BRANCH: master
2025-03-16T22:45:59.1354764Z   FEEDS_CONF: feeds.conf.default
2025-03-16T22:45:59.1354992Z   CONFIG_FILE: .config
2025-03-16T22:45:59.1355199Z   DIY_P1_SH: diy-part1.sh
2025-03-16T22:45:59.1355418Z   DIY_P2_SH: diy-part2.sh
2025-03-16T22:45:59.1355626Z   UPLOAD_BIN_DIR: false
2025-03-16T22:45:59.1355832Z   UPLOAD_FIRMWARE: true
2025-03-16T22:45:59.1356030Z   UPLOAD_RELEASE: true
2025-03-16T22:45:59.1356256Z   TZ: Asia/Shanghai
2025-03-16T22:45:59.1356447Z ##[endgroup]
2025-03-16T22:45:59.1514936Z ##[group]Run cd openwrt && ./scripts/feeds update -a
2025-03-16T22:45:59.1515290Z [36;1mcd openwrt && ./scripts/feeds update -a[0m
2025-03-16T22:45:59.1576277Z shell: /usr/bin/bash -e {0}
2025-03-16T22:45:59.1576517Z env:
2025-03-16T22:45:59.1576733Z   REPO_URL: https://github.com/coolsnowwolf/lede
2025-03-16T22:45:59.1577016Z   REPO_BRANCH: master
2025-03-16T22:45:59.1577226Z   FEEDS_CONF: feeds.conf.default
2025-03-16T22:45:59.1577442Z   CONFIG_FILE: .config
2025-03-16T22:45:59.1577638Z   DIY_P1_SH: diy-part1.sh
2025-03-16T22:45:59.1577850Z   DIY_P2_SH: diy-part2.sh
2025-03-16T22:45:59.1578052Z   UPLOAD_BIN_DIR: false
2025-03-16T22:45:59.1578246Z   UPLOAD_FIRMWARE: true
2025-03-16T22:45:59.1578430Z   UPLOAD_RELEASE: true
2025-03-16T22:45:59.1578779Z   TZ: Asia/Shanghai
2025-03-16T22:45:59.1578965Z ##[endgroup]
2025-03-16T22:45:59.1909153Z Duplicate feed name 'helloworld' in 'feeds.conf.default' line: 3
2025-03-16T22:45:59.1927743Z ##[error]Process completed with exit code 25.
2025-03-16T22:45:59.1983643Z ##[group]Run df -hT
2025-03-16T22:45:59.1983884Z [36;1mdf -hT[0m
2025-03-16T22:45:59.2045719Z shell: /usr/bin/bash -e {0}
2025-03-16T22:45:59.2045946Z env:
2025-03-16T22:45:59.2046163Z   REPO_URL: https://github.com/coolsnowwolf/lede
2025-03-16T22:45:59.2046441Z   REPO_BRANCH: master
2025-03-16T22:45:59.2046653Z   FEEDS_CONF: feeds.conf.default
2025-03-16T22:45:59.2046870Z   CONFIG_FILE: .config
2025-03-16T22:45:59.2047065Z   DIY_P1_SH: diy-part1.sh
2025-03-16T22:45:59.2047268Z   DIY_P2_SH: diy-part2.sh
2025-03-16T22:45:59.2047460Z   UPLOAD_BIN_DIR: false
2025-03-16T22:45:59.2107965Z   UPLOAD_FIRMWARE: true
2025-03-16T22:45:59.2108246Z   UPLOAD_RELEASE: true
2025-03-16T22:45:59.2108439Z   TZ: Asia/Shanghai
2025-03-16T22:45:59.2108850Z ##[endgroup]
2025-03-16T22:45:59.2204806Z Filesystem     Type   Size  Used Avail Use% Mounted on
2025-03-16T22:45:59.2205316Z /dev/root      ext4    73G   37G   36G  51% /
2025-03-16T22:45:59.2205746Z tmpfs          tmpfs  7.9G  172K  7.9G   1% /dev/shm
2025-03-16T22:45:59.2206033Z tmpfs          tmpfs  3.2G  1.1M  3.2G   1% /run
2025-03-16T22:45:59.2206308Z tmpfs          tmpfs  5.0M     0  5.0M   0% /run/lock
2025-03-16T22:45:59.2206594Z /dev/sdb15     vfat   105M  6.1M   99M   6% /boot/efi
2025-03-16T22:45:59.2206866Z /dev/sda1      ext4    74G  4.1G   66G   6% /mnt
2025-03-16T22:45:59.2207167Z tmpfs          tmpfs  1.6G   12K  1.6G   1% /run/user/1001
2025-03-16T22:45:59.2207560Z tmpfs          tmpfs  7.9G     0  7.9G   0% /run/qemu
2025-03-16T22:45:59.2251899Z ##[group]Run cd openwrt/bin/targets/*/*
2025-03-16T22:45:59.2252213Z [36;1mcd openwrt/bin/targets/*/*[0m
2025-03-16T22:45:59.2252467Z [36;1mrm -rf packages[0m
2025-03-16T22:45:59.2252712Z [36;1mecho "FIRMWARE=$PWD" >> $GITHUB_ENV[0m
2025-03-16T22:45:59.2252992Z [36;1mecho "status=success" >> $GITHUB_OUTPUT[0m
2025-03-16T22:45:59.2313580Z shell: /usr/bin/bash -e {0}
2025-03-16T22:45:59.2313806Z env:
2025-03-16T22:45:59.2314024Z   REPO_URL: https://github.com/coolsnowwolf/lede
2025-03-16T22:45:59.2314295Z   REPO_BRANCH: master
2025-03-16T22:45:59.2314502Z   FEEDS_CONF: feeds.conf.default
2025-03-16T22:45:59.2314730Z   CONFIG_FILE: .config
2025-03-16T22:45:59.2314923Z   DIY_P1_SH: diy-part1.sh
2025-03-16T22:45:59.2315124Z   DIY_P2_SH: diy-part2.sh
2025-03-16T22:45:59.2315311Z   UPLOAD_BIN_DIR: false
2025-03-16T22:45:59.2315502Z   UPLOAD_FIRMWARE: true
2025-03-16T22:45:59.2315687Z   UPLOAD_RELEASE: true
2025-03-16T22:45:59.2315865Z   TZ: Asia/Shanghai
2025-03-16T22:45:59.2316062Z ##[endgroup]
2025-03-16T22:45:59.2394389Z /home/runner/work/_temp/887f7485-c690-4b19-907c-fb6cd29a5161.sh: line 1: cd: openwrt/bin/targets/*/*: No such file or directory
2025-03-16T22:45:59.2397193Z ##[error]Process completed with exit code 1.
2025-03-16T22:45:59.2453819Z ##[group]Run echo "release_tag=$(date +"%Y.%m.%d-%H%M")" >> $GITHUB_OUTPUT
2025-03-16T22:45:59.2454283Z [36;1mecho "release_tag=$(date +"%Y.%m.%d-%H%M")" >> $GITHUB_OUTPUT[0m
2025-03-16T22:45:59.2454595Z [36;1mtouch release.txt[0m
2025-03-16T22:45:59.2454897Z [36;1m[ ${UPLOAD_GOFILE} = true &&  ] && echo "🔗 [GoFile]()" >> release.txt[0m
2025-03-16T22:45:59.2455251Z [36;1mecho "status=success" >> $GITHUB_OUTPUT[0m
2025-03-16T22:45:59.2515671Z shell: /usr/bin/bash -e {0}
2025-03-16T22:45:59.2515888Z env:
2025-03-16T22:45:59.2516104Z   REPO_URL: https://github.com/coolsnowwolf/lede
2025-03-16T22:45:59.2516381Z   REPO_BRANCH: master
2025-03-16T22:45:59.2516593Z   FEEDS_CONF: feeds.conf.default
2025-03-16T22:45:59.2516814Z   CONFIG_FILE: .config
2025-03-16T22:45:59.2517002Z   DIY_P1_SH: diy-part1.sh
2025-03-16T22:45:59.2517210Z   DIY_P2_SH: diy-part2.sh
2025-03-16T22:45:59.2517411Z   UPLOAD_BIN_DIR: false
2025-03-16T22:45:59.2517606Z   UPLOAD_FIRMWARE: true
2025-03-16T22:45:59.2517814Z   UPLOAD_RELEASE: true
2025-03-16T22:45:59.2517999Z   TZ: Asia/Shanghai
2025-03-16T22:45:59.2518190Z ##[endgroup]
2025-03-16T22:45:59.2620445Z /home/runner/work/_temp/503b191b-e196-4baf-91fa-380f22cdcd3d.sh: line 3: [: missing `]'
2025-03-16T22:45:59.2691288Z ##[group]Run softprops/action-gh-release@master
2025-03-16T22:45:59.2691579Z with:
2025-03-16T22:45:59.2691756Z   tag_name: 2025.03.17-0645
2025-03-16T22:45:59.2692136Z   body_path: release.txt
2025-03-16T22:45:59.2692323Z   files: /*
2025-03-16T22:45:59.2692596Z   token: ***
2025-03-16T22:45:59.2692759Z env:
2025-03-16T22:45:59.2692962Z   REPO_URL: https://github.com/coolsnowwolf/lede
2025-03-16T22:45:59.2693226Z   REPO_BRANCH: master
2025-03-16T22:45:59.2693420Z   FEEDS_CONF: feeds.conf.default
2025-03-16T22:45:59.2693637Z   CONFIG_FILE: .config
2025-03-16T22:45:59.2693836Z   DIY_P1_SH: diy-part1.sh
2025-03-16T22:45:59.2694040Z   DIY_P2_SH: diy-part2.sh
2025-03-16T22:45:59.2694235Z   UPLOAD_BIN_DIR: false
2025-03-16T22:45:59.2694425Z   UPLOAD_FIRMWARE: true
2025-03-16T22:45:59.2694616Z   UPLOAD_RELEASE: true
2025-03-16T22:45:59.2694800Z   TZ: Asia/Shanghai
2025-03-16T22:45:59.2695062Z   GITHUB_TOKEN: ***
2025-03-16T22:45:59.2695238Z ##[endgroup]
2025-03-16T22:45:59.3577279Z 🤔 Pattern '/*' does not match any files.
2025-03-16T22:45:59.5190983Z 👩‍🏭 Creating new GitHub release for tag 2025.03.17-0645...
2025-03-16T22:45:59.9199386Z 🤔 /* does not include a valid file.
2025-03-16T22:45:59.9206385Z 🎉 Release ready at https://github.com/MichaelRobsonZA/Tp-link-EC230-firmware-openwrt/releases/tag/2025.03.17-0645
2025-03-16T22:45:59.9305847Z ##[group]Run dev-drprasad/delete-older-releases@master
2025-03-16T22:45:59.9306159Z with:
2025-03-16T22:45:59.9306319Z   keep_latest: 3
2025-03-16T22:45:59.9306506Z   delete_tags: true
2025-03-16T22:45:59.9306699Z   keep_min_download_counts: 0
2025-03-16T22:45:59.9306917Z   delete_expired_data: 0
2025-03-16T22:45:59.9307138Z   delete_prerelease_only: false
2025-03-16T22:45:59.9307375Z   github_rest_api_url: api.github.com
2025-03-16T22:45:59.9307601Z env:
2025-03-16T22:45:59.9307810Z   REPO_URL: https://github.com/coolsnowwolf/lede
2025-03-16T22:45:59.9308082Z   REPO_BRANCH: master
2025-03-16T22:45:59.9308289Z   FEEDS_CONF: feeds.conf.default
2025-03-16T22:45:59.9308720Z   CONFIG_FILE: .config
2025-03-16T22:45:59.9309001Z   DIY_P1_SH: diy-part1.sh
2025-03-16T22:45:59.9309215Z   DIY_P2_SH: diy-part2.sh
2025-03-16T22:45:59.9309437Z   UPLOAD_BIN_DIR: false
2025-03-16T22:45:59.9309634Z   UPLOAD_FIRMWARE: true
2025-03-16T22:45:59.9309816Z   UPLOAD_RELEASE: true
2025-03-16T22:45:59.9310031Z   TZ: Asia/Shanghai
2025-03-16T22:45:59.9310556Z   GITHUB_TOKEN: ***
2025-03-16T22:45:59.9310739Z ##[endgroup]
2025-03-16T22:45:59.9578196Z 💬  no `repo` name given. fall-ing back to this repo
2025-03-16T22:45:59.9584751Z 🔖  corresponding tags also will be deleted
2025-03-16T22:45:59.9585920Z 🌶  given `keep_min_download_counts` is 0, this will not enable the download count removal rule
2025-03-16T22:45:59.9589536Z 🌶  given `delete_expired_data` is  0
2025-03-16T22:46:00.1585205Z 😕  no active releases found. exiting...
2025-03-16T22:46:00.1697135Z Post job cleanup.
2025-03-16T22:46:00.2632189Z [command]/usr/bin/git version
2025-03-16T22:46:00.2670954Z git version 2.48.1
2025-03-16T22:46:00.2715425Z Temporarily overriding HOME='/home/runner/work/_temp/f5a02655-b959-4ceb-b2ee-f36b0f5819be' before making global git config changes
2025-03-16T22:46:00.2716659Z Adding repository directory to the temporary git global config as a safe directory
2025-03-16T22:46:00.2722467Z [command]/usr/bin/git config --global --add safe.directory /home/runner/work/Tp-link-EC230-firmware-openwrt/Tp-link-EC230-firmware-openwrt
2025-03-16T22:46:00.2758393Z [command]/usr/bin/git config --local --name-only --get-regexp core\.sshCommand
2025-03-16T22:46:00.2790890Z [command]/usr/bin/git submodule foreach --recursive sh -c "git config --local --name-only --get-regexp 'core\.sshCommand' && git config --local --unset-all 'core.sshCommand' || :"
2025-03-16T22:46:00.3032725Z [command]/usr/bin/git config --local --name-only --get-regexp http\.https\:\/\/github\.com\/\.extraheader
2025-03-16T22:46:00.3054083Z http.https://github.com/.extraheader
2025-03-16T22:46:00.3066723Z [command]/usr/bin/git config --local --unset-all http.https://github.com/.extraheader
2025-03-16T22:46:00.3097318Z [command]/usr/bin/git submodule foreach --recursive sh -c "git config --local --name-only --get-regexp 'http\.https\:\/\/github\.com\/\.extraheader' && git config --local --unset-all 'http.https://github.com/.extraheader' || :"
2025-03-16T22:46:00.3432346Z Cleaning up orphan processes
Chat

New Conversation

🤓 Explain a complex thing

Explain Artificial Intelligence so that I can explain it to my six-year-old child.


🧠 Get suggestions and create new ideas

Please give me the best 10 travel ideas around the world


💭 Translate, summarize, fix grammar and more…

Translate "I love you" French


GPT-4o Mini
Hello, how can I help you today?
GPT-4o Mini
coin image
10
Upgrade



Ask me anything...



Powered by AITOPIA 
Chat
Ask
Search
Write
Image
ChatPDF
Vision
Full Page
